#
# There is insufficient memory for the Java Runtime Environment to continue.
# Native memory allocation (malloc) failed to allocate 32744 bytes. Error detail: Chunk::new
# Possible reasons:
#   The system is out of physical RAM or swap space
#   This process is running with CompressedOops enabled, and the Java Heap may be blocking the growth of the native heap
# Possible solutions:
#   Reduce memory load on the system
#   Increase physical memory or swap space
#   Check if swap backing store is full
#   Decrease Java heap size (-Xmx/-Xms)
#   Decrease number of Java threads
#   Decrease Java thread stack sizes (-Xss)
#   Set larger code cache with -XX:ReservedCodeCacheSize=
#   JVM is running with Unscaled Compressed Oops mode in which the Java heap is
#     placed in the first 4GB address space. The Java Heap base address is the
#     maximum limit for the native heap growth. Please use -XX:HeapBaseMinAddress
#     to set the Java Heap base and to place the Java Heap above 4GB virtual address.
# This output file may be truncated or incomplete.
#
#  Out of Memory Error (arena.cpp:168), pid=24640, tid=12252
#
# JRE version: OpenJDK Runtime Environment Temurin-21.0.3+9 (21.0.3+9) (build 21.0.3+9-LTS)
# Java VM: OpenJDK 64-Bit Server VM Temurin-21.0.3+9 (21.0.3+9-LTS, mixed mode, sharing, tiered, compressed oops, compressed class ptrs, g1 gc, windows-amd64)
# No core dump will be written. Minidumps are not enabled by default on client versions of Windows
#

---------------  S U M M A R Y ------------

Command Line: --add-opens=java.base/java.lang=ALL-UNNAMED --add-opens=java.base/java.lang.invoke=ALL-UNNAMED --add-opens=java.base/java.util=ALL-UNNAMED --add-opens=java.prefs/java.util.prefs=ALL-UNNAMED --add-exports=jdk.compiler/com.sun.tools.javac.api=ALL-UNNAMED --add-exports=jdk.compiler/com.sun.tools.javac.util=ALL-UNNAMED --add-opens=java.base/java.util=ALL-UNNAMED --add-opens=java.prefs/java.util.prefs=ALL-UNNAMED --add-opens=java.base/java.nio.charset=ALL-UNNAMED --add-opens=java.base/java.net=ALL-UNNAMED --add-opens=java.base/java.util.concurrent.atomic=ALL-UNNAMED --add-opens=java.xml/javax.xml.namespace=ALL-UNNAMED -Xmx1536m -Dfile.encoding=UTF-8 -Duser.country=US -Duser.language=en -Duser.variant -javaagent:D:\GradleCache\wrapper\dists\gradle-8.14.3-all\10utluxaxniiv4wxiphsi49nj\gradle-8.14.3\lib\agents\gradle-instrumentation-agent-8.14.3.jar org.gradle.launcher.daemon.bootstrap.GradleDaemon 8.14.3

Host: AMD Ryzen 5 5600H with Radeon Graphics         , 12 cores, 15G,  Windows 11 , 64 bit Build 26100 (10.0.26100.9549)
Time: Thu Oct  1 23:09:22 2026 India Standard Time elapsed time: 86.147762 seconds (0d 0h 1m 26s)

---------------  T H R E A D  ---------------

Current thread (0x000002009b807090):  JavaThread "C2 CompilerThread2" daemon [_thread_in_native, id=12252, stack(0x0000009befb00000,0x0000009befc00000) (1024K)]


Current CompileTask:
C2:  86147 12279       4       org.gradle.internal.serialize.HierarchicalNameSerializer::writeName (88 bytes)

Stack: [0x0000009befb00000,0x0000009befc00000]
Native frames: (J=compiled Java code, j=interpreted, Vv=VM code, C=native code)
V  [jvm.dll+0x6c8699]
V  [jvm.dll+0x8a2061]
V  [jvm.dll+0x8a458e]
V  [jvm.dll+0x8a4c63]
V  [jvm.dll+0x27e476]
V  [jvm.dll+0xc4a1d]
V  [jvm.dll+0xc4f53]
V  [jvm.dll+0x65209b]
V  [jvm.dll+0x657c59]
V  [jvm.dll+0x658c56]
V  [jvm.dll+0x656fad]
V  [jvm.dll+0x246845]
V  [jvm.dll+0x245f9f]
V  [jvm.dll+0x1c6f4e]
V  [jvm.dll+0x255719]
V  [jvm.dll+0x253cba]
V  [jvm.dll+0x3ec1e6]
V  [jvm.dll+0x84bf8b]
V  [jvm.dll+0x6c6dcd]
C  [ucrtbase.dll+0x2cd30]
C  [KERNEL32.DLL+0x2cdf7]
C  [ntdll.dll+0x7ee4c]


---------------  P R O C E S S  ---------------

Threads class SMR info:
_java_thread_list=0x000002009cd0ba30, length=69, elements={
0x000002003295ded0, 0x000002009601d3f0, 0x000002009601fa70, 0x0000020096021a20,
0x0000020096024470, 0x0000020096022e60, 0x00000200960234d0, 0x00000200960402c0,
0x0000020096042980, 0x00000200961105d0, 0x0000020096316240, 0x0000020098194940,
0x0000020097fe1050, 0x0000020097a02da0, 0x0000020097656470, 0x0000020096e05880,
0x00000200982b5f60, 0x00000200984f80d0, 0x00000200984f9b10, 0x00000200984faec0,
0x00000200984fa1a0, 0x00000200984fb550, 0x00000200984fa830, 0x00000200984f8760,
0x00000200984f9480, 0x000002009baab220, 0x000002009baaa500, 0x000002009baaab90,
0x000002009baab8b0, 0x000002009baabf40, 0x000002009baacc60, 0x000002009baad2f0,
0x000002009baad980, 0x000002009c946720, 0x000002009c947440, 0x000002009c946db0,
0x000002009c943fc0, 0x000002009c944ce0, 0x000002009c945370, 0x000002009c945a00,
0x000002009c946090, 0x0000020097bf2a70, 0x0000020097bf16c0, 0x0000020097bf09a0,
0x0000020097bf1030, 0x0000020097bf3790, 0x0000020097bf51d0, 0x0000020097bf1d50,
0x0000020097bf23e0, 0x0000020097bf6580, 0x0000020097bf5ef0, 0x0000020097bf5860,
0x0000020097bf72a0, 0x0000020097bf7930, 0x0000020097bf7fc0, 0x0000020097bf6c10,
0x00000200989f4460, 0x00000200989f7f70, 0x00000200989f7250, 0x00000200989f6530,
0x00000200989f5180, 0x00000200989f8c90, 0x00000200989f8600, 0x00000200989f5810,
0x00000200989fad60, 0x00000200989fba80, 0x00000200989fb3f0, 0x00000200970218f0,
0x000002009b807090
}

Java Threads: ( => current thread )
  0x000002003295ded0 JavaThread "main"                              [_thread_blocked, id=25304, stack(0x0000009bea500000,0x0000009bea600000) (1024K)]
  0x000002009601d3f0 JavaThread "Reference Handler"          daemon [_thread_blocked, id=23020, stack(0x0000009bead00000,0x0000009beae00000) (1024K)]
  0x000002009601fa70 JavaThread "Finalizer"                  daemon [_thread_blocked, id=26012, stack(0x0000009beae00000,0x0000009beaf00000) (1024K)]
  0x0000020096021a20 JavaThread "Signal Dispatcher"          daemon [_thread_blocked, id=12996, stack(0x0000009beaf00000,0x0000009beb000000) (1024K)]
  0x0000020096024470 JavaThread "Attach Listener"            daemon [_thread_blocked, id=6204, stack(0x0000009beb000000,0x0000009beb100000) (1024K)]
  0x0000020096022e60 JavaThread "Service Thread"             daemon [_thread_blocked, id=26588, stack(0x0000009beb100000,0x0000009beb200000) (1024K)]
  0x00000200960234d0 JavaThread "Monitor Deflation Thread"   daemon [_thread_blocked, id=25876, stack(0x0000009beb200000,0x0000009beb300000) (1024K)]
  0x00000200960402c0 JavaThread "C2 CompilerThread0"         daemon [_thread_blocked, id=20160, stack(0x0000009beb300000,0x0000009beb400000) (1024K)]
  0x0000020096042980 JavaThread "C1 CompilerThread0"         daemon [_thread_blocked, id=11172, stack(0x0000009beb400000,0x0000009beb500000) (1024K)]
  0x00000200961105d0 JavaThread "Common-Cleaner"             daemon [_thread_blocked, id=3148, stack(0x0000009beb500000,0x0000009beb600000) (1024K)]
  0x0000020096316240 JavaThread "Notification Thread"        daemon [_thread_blocked, id=7736, stack(0x0000009beb600000,0x0000009beb700000) (1024K)]
  0x0000020098194940 JavaThread "Daemon health stats"               [_thread_blocked, id=26040, stack(0x0000009bebf00000,0x0000009bec000000) (1024K)]
  0x0000020097fe1050 JavaThread "Incoming local TCP Connector on port 65136"        [_thread_in_native, id=4740, stack(0x0000009bec000000,0x0000009bec100000) (1024K)]
  0x0000020097a02da0 JavaThread "Daemon periodic checks"            [_thread_blocked, id=25608, stack(0x0000009bec100000,0x0000009bec200000) (1024K)]
  0x0000020097656470 JavaThread "Daemon"                            [_thread_blocked, id=2172, stack(0x0000009bec200000,0x0000009bec300000) (1024K)]
  0x0000020096e05880 JavaThread "Handler for socket connection from /127.0.0.1:65136 to /127.0.0.1:65137"        [_thread_in_native, id=3156, stack(0x0000009bec300000,0x0000009bec400000) (1024K)]
  0x00000200982b5f60 JavaThread "Cancel handler"                    [_thread_blocked, id=21964, stack(0x0000009bec400000,0x0000009bec500000) (1024K)]
  0x00000200984f80d0 JavaThread "Daemon worker"                     [_thread_in_native, id=3420, stack(0x0000009bec500000,0x0000009bec600000) (1024K)]
  0x00000200984f9b10 JavaThread "Asynchronous log dispatcher for DefaultDaemonConnection: socket connection from /127.0.0.1:65136 to /127.0.0.1:65137"        [_thread_blocked, id=8612, stack(0x0000009bec600000,0x0000009bec700000) (1024K)]
  0x00000200984faec0 JavaThread "Stdin handler"                     [_thread_blocked, id=20072, stack(0x0000009bec700000,0x0000009bec800000) (1024K)]
  0x00000200984fa1a0 JavaThread "Daemon client event forwarder"        [_thread_blocked, id=26264, stack(0x0000009bec800000,0x0000009bec900000) (1024K)]
  0x00000200984fb550 JavaThread "Cache worker for journal cache (D:\GradleCache\caches\journal-1)"        [_thread_blocked, id=7936, stack(0x0000009bec900000,0x0000009beca00000) (1024K)]
  0x00000200984fa830 JavaThread "File lock request listener"        [_thread_in_native, id=25060, stack(0x0000009beca00000,0x0000009becb00000) (1024K)]
  0x00000200984f8760 JavaThread "Cache worker for file hash cache (D:\GradleCache\caches\8.14.3\fileHashes)"        [_thread_blocked, id=10092, stack(0x0000009becb00000,0x0000009becc00000) (1024K)]
  0x00000200984f9480 JavaThread "File lock release action executor"        [_thread_blocked, id=10408, stack(0x0000009bed100000,0x0000009bed200000) (1024K)]
  0x000002009baab220 JavaThread "Cache worker for file hash cache (D:\SyncSphere\frontend-next\android\.gradle\8.14.3\fileHashes)"        [_thread_blocked, id=22488, stack(0x0000009bed200000,0x0000009bed300000) (1024K)]
  0x000002009baaa500 JavaThread "Cache worker for Build Output Cleanup Cache (D:\SyncSphere\frontend-next\android\.gradle\buildOutputCleanup)"        [_thread_blocked, id=11468, stack(0x0000009bed300000,0x0000009bed400000) (1024K)]
  0x000002009baaab90 JavaThread "File watcher server"        daemon [_thread_in_native, id=25792, stack(0x0000009bed400000,0x0000009bed500000) (1024K)]
  0x000002009baab8b0 JavaThread "File watcher consumer"      daemon [_thread_blocked, id=18700, stack(0x0000009bed500000,0x0000009bed600000) (1024K)]
  0x000002009baabf40 JavaThread "jar transforms"                    [_thread_blocked, id=25340, stack(0x0000009bed600000,0x0000009bed700000) (1024K)]
  0x000002009baacc60 JavaThread "jar transforms Thread 2"           [_thread_blocked, id=18636, stack(0x0000009bed700000,0x0000009bed800000) (1024K)]
  0x000002009baad2f0 JavaThread "jar transforms Thread 3"           [_thread_blocked, id=17804, stack(0x0000009bed800000,0x0000009bed900000) (1024K)]
  0x000002009baad980 JavaThread "jar transforms Thread 4"           [_thread_blocked, id=5192, stack(0x0000009beb700000,0x0000009beb800000) (1024K)]
  0x000002009c946720 JavaThread "jar transforms Thread 5"           [_thread_blocked, id=13700, stack(0x0000009bed900000,0x0000009beda00000) (1024K)]
  0x000002009c947440 JavaThread "Cache worker for checksums cache (D:\SyncSphere\frontend-next\android\.gradle\8.14.3\checksums)"        [_thread_blocked, id=25892, stack(0x0000009beda00000,0x0000009bedb00000) (1024K)]
  0x000002009c946db0 JavaThread "Cache worker for file content cache (D:\GradleCache\caches\8.14.3\fileContent)"        [_thread_blocked, id=13192, stack(0x0000009bedb00000,0x0000009bedc00000) (1024K)]
  0x000002009c943fc0 JavaThread "jar transforms Thread 6"           [_thread_blocked, id=18880, stack(0x0000009bedd00000,0x0000009bede00000) (1024K)]
  0x000002009c944ce0 JavaThread "jar transforms Thread 7"           [_thread_blocked, id=18064, stack(0x0000009bede00000,0x0000009bedf00000) (1024K)]
  0x000002009c945370 JavaThread "jar transforms Thread 8"           [_thread_blocked, id=7416, stack(0x0000009bedf00000,0x0000009bee000000) (1024K)]
  0x000002009c945a00 JavaThread "jar transforms Thread 9"           [_thread_blocked, id=15368, stack(0x0000009bee000000,0x0000009bee100000) (1024K)]
  0x000002009c946090 JavaThread "jar transforms Thread 10"          [_thread_blocked, id=22700, stack(0x0000009bee100000,0x0000009bee200000) (1024K)]
  0x0000020097bf2a70 JavaThread "jar transforms Thread 11"          [_thread_blocked, id=15688, stack(0x0000009bee200000,0x0000009bee300000) (1024K)]
  0x0000020097bf16c0 JavaThread "jar transforms Thread 12"          [_thread_blocked, id=23168, stack(0x0000009bee300000,0x0000009bee400000) (1024K)]
  0x0000020097bf09a0 JavaThread "Cache worker for cache directory md-supplier (D:\GradleCache\caches\8.14.3\md-supplier)"        [_thread_blocked, id=26436, stack(0x0000009bee400000,0x0000009bee500000) (1024K)]
  0x0000020097bf1030 JavaThread "Cache worker for cache directory md-rule (D:\GradleCache\caches\8.14.3\md-rule)"        [_thread_blocked, id=10120, stack(0x0000009bee500000,0x0000009bee600000) (1024K)]
  0x0000020097bf3790 JavaThread "Unconstrained build operations"        [_thread_blocked, id=19220, stack(0x0000009beb800000,0x0000009beb900000) (1024K)]
  0x0000020097bf51d0 JavaThread "Unconstrained build operations Thread 2"        [_thread_blocked, id=18720, stack(0x0000009bedc00000,0x0000009bedd00000) (1024K)]
  0x0000020097bf1d50 JavaThread "Unconstrained build operations Thread 3"        [_thread_blocked, id=23216, stack(0x0000009bee700000,0x0000009bee800000) (1024K)]
  0x0000020097bf23e0 JavaThread "Unconstrained build operations Thread 4"        [_thread_blocked, id=3432, stack(0x0000009bee800000,0x0000009bee900000) (1024K)]
  0x0000020097bf6580 JavaThread "Unconstrained build operations Thread 5"        [_thread_blocked, id=26084, stack(0x0000009bee900000,0x0000009beea00000) (1024K)]
  0x0000020097bf5ef0 JavaThread "Unconstrained build operations Thread 6"        [_thread_blocked, id=23396, stack(0x0000009beea00000,0x0000009beeb00000) (1024K)]
  0x0000020097bf5860 JavaThread "Unconstrained build operations Thread 7"        [_thread_blocked, id=5124, stack(0x0000009beeb00000,0x0000009beec00000) (1024K)]
  0x0000020097bf72a0 JavaThread "Unconstrained build operations Thread 8"        [_thread_blocked, id=2580, stack(0x0000009beec00000,0x0000009beed00000) (1024K)]
  0x0000020097bf7930 JavaThread "Unconstrained build operations Thread 9"        [_thread_blocked, id=25760, stack(0x0000009beed00000,0x0000009beee00000) (1024K)]
  0x0000020097bf7fc0 JavaThread "Unconstrained build operations Thread 10"        [_thread_blocked, id=25336, stack(0x0000009beee00000,0x0000009beef00000) (1024K)]
  0x0000020097bf6c10 JavaThread "Unconstrained build operations Thread 11"        [_thread_blocked, id=19388, stack(0x0000009beef00000,0x0000009bef000000) (1024K)]
  0x00000200989f4460 JavaThread "Unconstrained build operations Thread 12"        [_thread_blocked, id=13328, stack(0x0000009bea200000,0x0000009bea300000) (1024K)]
  0x00000200989f7f70 JavaThread "Unconstrained build operations Thread 13"        [_thread_blocked, id=22464, stack(0x0000009bea300000,0x0000009bea400000) (1024K)]
  0x00000200989f7250 JavaThread "Unconstrained build operations Thread 14"        [_thread_blocked, id=13932, stack(0x0000009bea400000,0x0000009bea500000) (1024K)]
  0x00000200989f6530 JavaThread "Unconstrained build operations Thread 15"        [_thread_blocked, id=9116, stack(0x0000009bef200000,0x0000009bef300000) (1024K)]
  0x00000200989f5180 JavaThread "Unconstrained build operations Thread 16"        [_thread_blocked, id=23088, stack(0x0000009bef300000,0x0000009bef400000) (1024K)]
  0x00000200989f8c90 JavaThread "Unconstrained build operations Thread 17"        [_thread_blocked, id=24716, stack(0x0000009bef400000,0x0000009bef500000) (1024K)]
  0x00000200989f8600 JavaThread "Unconstrained build operations Thread 18"        [_thread_blocked, id=8332, stack(0x0000009bef500000,0x0000009bef600000) (1024K)]
  0x00000200989f5810 JavaThread "Unconstrained build operations Thread 19"        [_thread_blocked, id=22808, stack(0x0000009bef600000,0x0000009bef700000) (1024K)]
  0x00000200989fad60 JavaThread "Unconstrained build operations Thread 20"        [_thread_blocked, id=21848, stack(0x0000009bef700000,0x0000009bef800000) (1024K)]
  0x00000200989fba80 JavaThread "Unconstrained build operations Thread 21"        [_thread_blocked, id=23144, stack(0x0000009bef800000,0x0000009bef900000) (1024K)]
  0x00000200989fb3f0 JavaThread "Unconstrained build operations Thread 22"        [_thread_blocked, id=6516, stack(0x0000009bef900000,0x0000009befa00000) (1024K)]
  0x00000200970218f0 JavaThread "C2 CompilerThread1"         daemon [_thread_in_native, id=25280, stack(0x0000009befa00000,0x0000009befb00000) (1024K)]
=>0x000002009b807090 JavaThread "C2 CompilerThread2"         daemon [_thread_in_native, id=12252, stack(0x0000009befb00000,0x0000009befc00000) (1024K)]
Total: 69

Other Threads:
  0x0000020050d7bd00 VMThread "VM Thread"                           [id=16140, stack(0x0000009beac00000,0x0000009bead00000) (1024K)]
  0x0000020050d63480 WatcherThread "VM Periodic Task Thread"        [id=17432, stack(0x0000009beab00000,0x0000009beac00000) (1024K)]
  0x00000200329a8ba0 WorkerThread "GC Thread#0"                     [id=23700, stack(0x0000009bea600000,0x0000009bea700000) (1024K)]
  0x00000200963fe840 WorkerThread "GC Thread#1"                     [id=16160, stack(0x0000009beb900000,0x0000009beba00000) (1024K)]
  0x00000200963febe0 WorkerThread "GC Thread#2"                     [id=25596, stack(0x0000009beba00000,0x0000009bebb00000) (1024K)]
  0x000002009658a430 WorkerThread "GC Thread#3"                     [id=14392, stack(0x0000009bebb00000,0x0000009bebc00000) (1024K)]
  0x000002009658a7d0 WorkerThread "GC Thread#4"                     [id=12168, stack(0x0000009bebc00000,0x0000009bebd00000) (1024K)]
  0x0000020098242db0 WorkerThread "GC Thread#5"                     [id=11168, stack(0x0000009bebd00000,0x0000009bebe00000) (1024K)]
  0x0000020097f5b520 WorkerThread "GC Thread#6"                     [id=19564, stack(0x0000009bebe00000,0x0000009bebf00000) (1024K)]
  0x0000020099879060 WorkerThread "GC Thread#7"                     [id=26328, stack(0x0000009becc00000,0x0000009becd00000) (1024K)]
  0x0000020099879400 WorkerThread "GC Thread#8"                     [id=17532, stack(0x0000009becd00000,0x0000009bece00000) (1024K)]
  0x00000200998797a0 WorkerThread "GC Thread#9"                     [id=5112, stack(0x0000009bece00000,0x0000009becf00000) (1024K)]
  0x00000200329b6aa0 ConcurrentGCThread "G1 Main Marker"            [id=10688, stack(0x0000009bea700000,0x0000009bea800000) (1024K)]
  0x00000200329b8340 WorkerThread "G1 Conc#0"                       [id=14652, stack(0x0000009bea800000,0x0000009bea900000) (1024K)]
  0x0000020099877e40 WorkerThread "G1 Conc#1"                       [id=18912, stack(0x0000009becf00000,0x0000009bed000000) (1024K)]
  0x00000200998781e0 WorkerThread "G1 Conc#2"                       [id=24336, stack(0x0000009bed000000,0x0000009bed100000) (1024K)]
  0x0000020050c34630 ConcurrentGCThread "G1 Refine#0"               [id=20992, stack(0x0000009bea900000,0x0000009beaa00000) (1024K)]
  0x0000020032a1e4e0 ConcurrentGCThread "G1 Service"                [id=4468, stack(0x0000009beaa00000,0x0000009beab00000) (1024K)]
Total: 18

Threads with active compile tasks:
C2 CompilerThread1    86195 12306       4       org.gradle.internal.serialize.HierarchicalNameSerializer::writeFirstOccurrenceOfName (73 bytes)
C2 CompilerThread2    86195 12279       4       org.gradle.internal.serialize.HierarchicalNameSerializer::writeName (88 bytes)
Total: 2

VM state: not at safepoint (normal execution)

VM Mutex/Monitor currently owned by a thread: None

Heap address: 0x00000000a0000000, size: 1536 MB, Compressed Oops mode: 32-bit

CDS archive(s) mapped at: [0x0000020051000000-0x0000020051c90000-0x0000020051c90000), size 13172736, SharedBaseAddress: 0x0000020051000000, ArchiveRelocationMode: 1.
Compressed class space mapped at: 0x0000020052000000-0x0000020092000000, reserved size: 1073741824
Narrow klass base: 0x0000020051000000, Narrow klass shift: 0, Narrow klass range: 0x100000000

GC Precious Log:
 CardTable entry size: 512
 Card Set container configuration: InlinePtr #cards 5 size 8 Array Of Cards #cards 12 size 40 Howl #buckets 4 coarsen threshold 1843 Howl Bitmap #cards 512 size 80 coarsen threshold 460 Card regions per heap region 1 cards per card region 2048
 CPUs: 12 total, 12 available
 Memory: 15713M
 Large Page Support: Disabled
 NUMA Support: Disabled
 Compressed Oops: Enabled (32-bit)
 Heap Region Size: 1M
 Heap Min Capacity: 8M
 Heap Initial Capacity: 246M
 Heap Max Capacity: 1536M
 Pre-touch: Disabled
 Parallel Workers: 10
 Concurrent Workers: 3
 Concurrent Refinement Workers: 10
 Periodic GC: Disabled

Heap:
 garbage-first heap   total 144384K, used 75103K [0x00000000a0000000, 0x0000000100000000)
  region size 1024K, 10 young (10240K), 6 survivors (6144K)
 Metaspace       used 69665K, committed 71552K, reserved 1114112K
  class space    used 9479K, committed 10368K, reserved 1048576K

Heap Regions: E=young(eden), S=young(survivor), O=old, HS=humongous(starts), HC=humongous(continues), CS=collection set, F=free, TAMS=top-at-mark-start, PB=parsable bottom
|   0|0x00000000a0000000, 0x00000000a0100000, 0x00000000a0100000|100%|HS|  |TAMS 0x00000000a0000000| PB 0x00000000a0000000| Complete 
|   1|0x00000000a0100000, 0x00000000a0200000, 0x00000000a0200000|100%|HC|  |TAMS 0x00000000a0100000| PB 0x00000000a0100000| Complete 
|   2|0x00000000a0200000, 0x00000000a0300000, 0x00000000a0300000|100%|HC|  |TAMS 0x00000000a0200000| PB 0x00000000a0200000| Complete 
|   3|0x00000000a0300000, 0x00000000a0400000, 0x00000000a0400000|100%| O|  |TAMS 0x00000000a0300000| PB 0x00000000a0300000| Untracked 
|   4|0x00000000a0400000, 0x00000000a0500000, 0x00000000a0500000|100%| O|  |TAMS 0x00000000a0400000| PB 0x00000000a0400000| Untracked 
|   5|0x00000000a0500000, 0x00000000a0600000, 0x00000000a0600000|100%| O|  |TAMS 0x00000000a0500000| PB 0x00000000a0500000| Untracked 
|   6|0x00000000a0600000, 0x00000000a0700000, 0x00000000a0700000|100%| O|  |TAMS 0x00000000a0600000| PB 0x00000000a0600000| Untracked 
|   7|0x00000000a0700000, 0x00000000a0800000, 0x00000000a0800000|100%|HS|  |TAMS 0x00000000a0700000| PB 0x00000000a0700000| Complete 
|   8|0x00000000a0800000, 0x00000000a0900000, 0x00000000a0900000|100%| O|  |TAMS 0x00000000a0800000| PB 0x00000000a0800000| Untracked 
|   9|0x00000000a0900000, 0x00000000a0a00000, 0x00000000a0a00000|100%| O|  |TAMS 0x00000000a0900000| PB 0x00000000a0900000| Untracked 
|  10|0x00000000a0a00000, 0x00000000a0b00000, 0x00000000a0b00000|100%| O|  |TAMS 0x00000000a0a00000| PB 0x00000000a0a00000| Untracked 
|  11|0x00000000a0b00000, 0x00000000a0c00000, 0x00000000a0c00000|100%| O|  |TAMS 0x00000000a0b00000| PB 0x00000000a0b00000| Untracked 
|  12|0x00000000a0c00000, 0x00000000a0d00000, 0x00000000a0d00000|100%| O|  |TAMS 0x00000000a0c00000| PB 0x00000000a0c00000| Untracked 
|  13|0x00000000a0d00000, 0x00000000a0e00000, 0x00000000a0e00000|100%| O|  |TAMS 0x00000000a0d00000| PB 0x00000000a0d00000| Untracked 
|  14|0x00000000a0e00000, 0x00000000a0f00000, 0x00000000a0f00000|100%| O|  |TAMS 0x00000000a0e00000| PB 0x00000000a0e00000| Untracked 
|  15|0x00000000a0f00000, 0x00000000a1000000, 0x00000000a1000000|100%| O|  |TAMS 0x00000000a0f00000| PB 0x00000000a0f00000| Untracked 
|  16|0x00000000a1000000, 0x00000000a1100000, 0x00000000a1100000|100%| O|  |TAMS 0x00000000a1000000| PB 0x00000000a1000000| Untracked 
|  17|0x00000000a1100000, 0x00000000a1200000, 0x00000000a1200000|100%| O|  |TAMS 0x00000000a1100000| PB 0x00000000a1100000| Untracked 
|  18|0x00000000a1200000, 0x00000000a1300000, 0x00000000a1300000|100%| O|  |TAMS 0x00000000a1200000| PB 0x00000000a1200000| Untracked 
|  19|0x00000000a1300000, 0x00000000a1400000, 0x00000000a1400000|100%| O|  |TAMS 0x00000000a1300000| PB 0x00000000a1300000| Untracked 
|  20|0x00000000a1400000, 0x00000000a1500000, 0x00000000a1500000|100%| O|  |TAMS 0x00000000a1400000| PB 0x00000000a1400000| Untracked 
|  21|0x00000000a1500000, 0x00000000a1600000, 0x00000000a1600000|100%| O|  |TAMS 0x00000000a1500000| PB 0x00000000a1500000| Untracked 
|  22|0x00000000a1600000, 0x00000000a1700000, 0x00000000a1700000|100%| O|  |TAMS 0x00000000a1600000| PB 0x00000000a1600000| Untracked 
|  23|0x00000000a1700000, 0x00000000a1700000, 0x00000000a1800000|  0%| F|  |TAMS 0x00000000a1700000| PB 0x00000000a1700000| Untracked 
|  24|0x00000000a1800000, 0x00000000a1900000, 0x00000000a1900000|100%| O|  |TAMS 0x00000000a1800000| PB 0x00000000a1800000| Untracked 
|  25|0x00000000a1900000, 0x00000000a1a00000, 0x00000000a1a00000|100%| O|  |TAMS 0x00000000a1900000| PB 0x00000000a1900000| Untracked 
|  26|0x00000000a1a00000, 0x00000000a1b00000, 0x00000000a1b00000|100%| O|  |TAMS 0x00000000a1a00000| PB 0x00000000a1a00000| Untracked 
|  27|0x00000000a1b00000, 0x00000000a1c00000, 0x00000000a1c00000|100%| O|  |TAMS 0x00000000a1b00000| PB 0x00000000a1b00000| Untracked 
|  28|0x00000000a1c00000, 0x00000000a1d00000, 0x00000000a1d00000|100%| O|  |TAMS 0x00000000a1c00000| PB 0x00000000a1c00000| Untracked 
|  29|0x00000000a1d00000, 0x00000000a1e00000, 0x00000000a1e00000|100%| O|  |TAMS 0x00000000a1d00000| PB 0x00000000a1d00000| Untracked 
|  30|0x00000000a1e00000, 0x00000000a1f00000, 0x00000000a1f00000|100%| O|  |TAMS 0x00000000a1e00000| PB 0x00000000a1e00000| Untracked 
|  31|0x00000000a1f00000, 0x00000000a2000000, 0x00000000a2000000|100%| O|  |TAMS 0x00000000a1f00000| PB 0x00000000a1f00000| Untracked 
|  32|0x00000000a2000000, 0x00000000a2100000, 0x00000000a2100000|100%| O|  |TAMS 0x00000000a2000000| PB 0x00000000a2000000| Untracked 
|  33|0x00000000a2100000, 0x00000000a2200000, 0x00000000a2200000|100%| O|  |TAMS 0x00000000a2100000| PB 0x00000000a2100000| Untracked 
|  34|0x00000000a2200000, 0x00000000a2300000, 0x00000000a2300000|100%| O|  |TAMS 0x00000000a2200000| PB 0x00000000a2200000| Untracked 
|  35|0x00000000a2300000, 0x00000000a2400000, 0x00000000a2400000|100%| O|  |TAMS 0x00000000a2300000| PB 0x00000000a2300000| Untracked 
|  36|0x00000000a2400000, 0x00000000a2500000, 0x00000000a2500000|100%| O|  |TAMS 0x00000000a2400000| PB 0x00000000a2400000| Untracked 
|  37|0x00000000a2500000, 0x00000000a2600000, 0x00000000a2600000|100%|HS|  |TAMS 0x00000000a2500000| PB 0x00000000a2500000| Complete 
|  38|0x00000000a2600000, 0x00000000a2700000, 0x00000000a2700000|100%| O|  |TAMS 0x00000000a2600000| PB 0x00000000a2600000| Untracked 
|  39|0x00000000a2700000, 0x00000000a2700000, 0x00000000a2800000|  0%| F|  |TAMS 0x00000000a2700000| PB 0x00000000a2700000| Untracked 
|  40|0x00000000a2800000, 0x00000000a2900000, 0x00000000a2900000|100%| O|  |TAMS 0x00000000a2800000| PB 0x00000000a2800000| Untracked 
|  41|0x00000000a2900000, 0x00000000a2a00000, 0x00000000a2a00000|100%| O|  |TAMS 0x00000000a2900000| PB 0x00000000a2900000| Untracked 
|  42|0x00000000a2a00000, 0x00000000a2b00000, 0x00000000a2b00000|100%| O|  |TAMS 0x00000000a2a00000| PB 0x00000000a2a00000| Untracked 
|  43|0x00000000a2b00000, 0x00000000a2c00000, 0x00000000a2c00000|100%| O|  |TAMS 0x00000000a2b00000| PB 0x00000000a2b00000| Untracked 
|  44|0x00000000a2c00000, 0x00000000a2d00000, 0x00000000a2d00000|100%| O|  |TAMS 0x00000000a2c00000| PB 0x00000000a2c00000| Untracked 
|  45|0x00000000a2d00000, 0x00000000a2e00000, 0x00000000a2e00000|100%| O|  |TAMS 0x00000000a2d00000| PB 0x00000000a2d00000| Untracked 
|  46|0x00000000a2e00000, 0x00000000a2f00000, 0x00000000a2f00000|100%| O|  |TAMS 0x00000000a2e00000| PB 0x00000000a2e00000| Untracked 
|  47|0x00000000a2f00000, 0x00000000a3000000, 0x00000000a3000000|100%| O|  |TAMS 0x00000000a2f00000| PB 0x00000000a2f00000| Untracked 
|  48|0x00000000a3000000, 0x00000000a3100000, 0x00000000a3100000|100%| O|  |TAMS 0x00000000a3000000| PB 0x00000000a3000000| Untracked 
|  49|0x00000000a3100000, 0x00000000a3200000, 0x00000000a3200000|100%| O|  |TAMS 0x00000000a3100000| PB 0x00000000a3100000| Untracked 
|  50|0x00000000a3200000, 0x00000000a3300000, 0x00000000a3300000|100%| O|  |TAMS 0x00000000a3200000| PB 0x00000000a3200000| Untracked 
|  51|0x00000000a3300000, 0x00000000a3400000, 0x00000000a3400000|100%| O|  |TAMS 0x00000000a3300000| PB 0x00000000a3300000| Untracked 
|  52|0x00000000a3400000, 0x00000000a3500000, 0x00000000a3500000|100%| O|  |TAMS 0x00000000a3400000| PB 0x00000000a3400000| Untracked 
|  53|0x00000000a3500000, 0x00000000a3600000, 0x00000000a3600000|100%| O|  |TAMS 0x00000000a3500000| PB 0x00000000a3500000| Untracked 
|  54|0x00000000a3600000, 0x00000000a3700000, 0x00000000a3700000|100%| O|  |TAMS 0x00000000a3600000| PB 0x00000000a3600000| Untracked 
|  55|0x00000000a3700000, 0x00000000a3800000, 0x00000000a3800000|100%| O|  |TAMS 0x00000000a3700000| PB 0x00000000a3700000| Untracked 
|  56|0x00000000a3800000, 0x00000000a3800000, 0x00000000a3900000|  0%| F|  |TAMS 0x00000000a3800000| PB 0x00000000a3800000| Untracked 
|  57|0x00000000a3900000, 0x00000000a3a00000, 0x00000000a3a00000|100%| O|  |TAMS 0x00000000a3900000| PB 0x00000000a3900000| Untracked 
|  58|0x00000000a3a00000, 0x00000000a3b00000, 0x00000000a3b00000|100%| O|  |TAMS 0x00000000a3a00000| PB 0x00000000a3a00000| Untracked 
|  59|0x00000000a3b00000, 0x00000000a3bb9c68, 0x00000000a3c00000| 72%| O|  |TAMS 0x00000000a3b00000| PB 0x00000000a3b00000| Untracked 
|  60|0x00000000a3c00000, 0x00000000a3d00000, 0x00000000a3d00000|100%| O|  |TAMS 0x00000000a3c00000| PB 0x00000000a3c00000| Untracked 
|  61|0x00000000a3d00000, 0x00000000a3e00000, 0x00000000a3e00000|100%| O|  |TAMS 0x00000000a3d00000| PB 0x00000000a3d00000| Untracked 
|  62|0x00000000a3e00000, 0x00000000a3f00000, 0x00000000a3f00000|100%| O|  |TAMS 0x00000000a3e00000| PB 0x00000000a3e00000| Untracked 
|  63|0x00000000a3f00000, 0x00000000a4000000, 0x00000000a4000000|100%| O|Cm|TAMS 0x00000000a3f00000| PB 0x00000000a3f00000| Complete 
|  64|0x00000000a4000000, 0x00000000a4000000, 0x00000000a4100000|  0%| F|  |TAMS 0x00000000a4000000| PB 0x00000000a4000000| Untracked 
|  65|0x00000000a4100000, 0x00000000a4100000, 0x00000000a4200000|  0%| F|  |TAMS 0x00000000a4100000| PB 0x00000000a4100000| Untracked 
|  66|0x00000000a4200000, 0x00000000a4200000, 0x00000000a4300000|  0%| F|  |TAMS 0x00000000a4200000| PB 0x00000000a4200000| Untracked 
|  67|0x00000000a4300000, 0x00000000a4400000, 0x00000000a4400000|100%| O|  |TAMS 0x00000000a4300000| PB 0x00000000a4300000| Untracked 
|  68|0x00000000a4400000, 0x00000000a449e220, 0x00000000a4500000| 61%| S|CS|TAMS 0x00000000a4400000| PB 0x00000000a4400000| Complete 
|  69|0x00000000a4500000, 0x00000000a4600000, 0x00000000a4600000|100%| S|CS|TAMS 0x00000000a4500000| PB 0x00000000a4500000| Complete 
|  70|0x00000000a4600000, 0x00000000a4700000, 0x00000000a4700000|100%| S|CS|TAMS 0x00000000a4600000| PB 0x00000000a4600000| Complete 
|  71|0x00000000a4700000, 0x00000000a4700000, 0x00000000a4800000|  0%| F|  |TAMS 0x00000000a4700000| PB 0x00000000a4700000| Untracked 
|  72|0x00000000a4800000, 0x00000000a4900000, 0x00000000a4900000|100%| S|CS|TAMS 0x00000000a4800000| PB 0x00000000a4800000| Complete 
|  73|0x00000000a4900000, 0x00000000a4a00000, 0x00000000a4a00000|100%| S|CS|TAMS 0x00000000a4900000| PB 0x00000000a4900000| Complete 
|  74|0x00000000a4a00000, 0x00000000a4b00000, 0x00000000a4b00000|100%| S|CS|TAMS 0x00000000a4a00000| PB 0x00000000a4a00000| Complete 
|  75|0x00000000a4b00000, 0x00000000a4b00000, 0x00000000a4c00000|  0%| F|  |TAMS 0x00000000a4b00000| PB 0x00000000a4b00000| Untracked 
|  76|0x00000000a4c00000, 0x00000000a4c00000, 0x00000000a4d00000|  0%| F|  |TAMS 0x00000000a4c00000| PB 0x00000000a4c00000| Untracked 
|  77|0x00000000a4d00000, 0x00000000a4d00000, 0x00000000a4e00000|  0%| F|  |TAMS 0x00000000a4d00000| PB 0x00000000a4d00000| Untracked 
|  78|0x00000000a4e00000, 0x00000000a4e00000, 0x00000000a4f00000|  0%| F|  |TAMS 0x00000000a4e00000| PB 0x00000000a4e00000| Untracked 
|  79|0x00000000a4f00000, 0x00000000a4f00000, 0x00000000a5000000|  0%| F|  |TAMS 0x00000000a4f00000| PB 0x00000000a4f00000| Untracked 
|  80|0x00000000a5000000, 0x00000000a5000000, 0x00000000a5100000|  0%| F|  |TAMS 0x00000000a5000000| PB 0x00000000a5000000| Untracked 
|  81|0x00000000a5100000, 0x00000000a5100000, 0x00000000a5200000|  0%| F|  |TAMS 0x00000000a5100000| PB 0x00000000a5100000| Untracked 
|  82|0x00000000a5200000, 0x00000000a5200000, 0x00000000a5300000|  0%| F|  |TAMS 0x00000000a5200000| PB 0x00000000a5200000| Untracked 
|  83|0x00000000a5300000, 0x00000000a5300000, 0x00000000a5400000|  0%| F|  |TAMS 0x00000000a5300000| PB 0x00000000a5300000| Untracked 
|  84|0x00000000a5400000, 0x00000000a5400000, 0x00000000a5500000|  0%| F|  |TAMS 0x00000000a5400000| PB 0x00000000a5400000| Untracked 
|  85|0x00000000a5500000, 0x00000000a5500000, 0x00000000a5600000|  0%| F|  |TAMS 0x00000000a5500000| PB 0x00000000a5500000| Untracked 
|  86|0x00000000a5600000, 0x00000000a5600000, 0x00000000a5700000|  0%| F|  |TAMS 0x00000000a5600000| PB 0x00000000a5600000| Untracked 
|  87|0x00000000a5700000, 0x00000000a5700000, 0x00000000a5800000|  0%| F|  |TAMS 0x00000000a5700000| PB 0x00000000a5700000| Untracked 
|  88|0x00000000a5800000, 0x00000000a5800000, 0x00000000a5900000|  0%| F|  |TAMS 0x00000000a5800000| PB 0x00000000a5800000| Untracked 
|  89|0x00000000a5900000, 0x00000000a5900000, 0x00000000a5a00000|  0%| F|  |TAMS 0x00000000a5900000| PB 0x00000000a5900000| Untracked 
|  90|0x00000000a5a00000, 0x00000000a5a00000, 0x00000000a5b00000|  0%| F|  |TAMS 0x00000000a5a00000| PB 0x00000000a5a00000| Untracked 
|  91|0x00000000a5b00000, 0x00000000a5b00000, 0x00000000a5c00000|  0%| F|  |TAMS 0x00000000a5b00000| PB 0x00000000a5b00000| Untracked 
|  92|0x00000000a5c00000, 0x00000000a5c00000, 0x00000000a5d00000|  0%| F|  |TAMS 0x00000000a5c00000| PB 0x00000000a5c00000| Untracked 
|  93|0x00000000a5d00000, 0x00000000a5d00000, 0x00000000a5e00000|  0%| F|  |TAMS 0x00000000a5d00000| PB 0x00000000a5d00000| Untracked 
|  94|0x00000000a5e00000, 0x00000000a5e00000, 0x00000000a5f00000|  0%| F|  |TAMS 0x00000000a5e00000| PB 0x00000000a5e00000| Untracked 
|  95|0x00000000a5f00000, 0x00000000a5f00000, 0x00000000a6000000|  0%| F|  |TAMS 0x00000000a5f00000| PB 0x00000000a5f00000| Untracked 
|  96|0x00000000a6000000, 0x00000000a6000000, 0x00000000a6100000|  0%| F|  |TAMS 0x00000000a6000000| PB 0x00000000a6000000| Untracked 
|  97|0x00000000a6100000, 0x00000000a6100000, 0x00000000a6200000|  0%| F|  |TAMS 0x00000000a6100000| PB 0x00000000a6100000| Untracked 
|  98|0x00000000a6200000, 0x00000000a6200000, 0x00000000a6300000|  0%| F|  |TAMS 0x00000000a6200000| PB 0x00000000a6200000| Untracked 
|  99|0x00000000a6300000, 0x00000000a6300000, 0x00000000a6400000|  0%| F|  |TAMS 0x00000000a6300000| PB 0x00000000a6300000| Untracked 
| 100|0x00000000a6400000, 0x00000000a6400000, 0x00000000a6500000|  0%| F|  |TAMS 0x00000000a6400000| PB 0x00000000a6400000| Untracked 
| 101|0x00000000a6500000, 0x00000000a6500000, 0x00000000a6600000|  0%| F|  |TAMS 0x00000000a6500000| PB 0x00000000a6500000| Untracked 
| 102|0x00000000a6600000, 0x00000000a6600000, 0x00000000a6700000|  0%| F|  |TAMS 0x00000000a6600000| PB 0x00000000a6600000| Untracked 
| 103|0x00000000a6700000, 0x00000000a6700000, 0x00000000a6800000|  0%| F|  |TAMS 0x00000000a6700000| PB 0x00000000a6700000| Untracked 
| 104|0x00000000a6800000, 0x00000000a6800000, 0x00000000a6900000|  0%| F|  |TAMS 0x00000000a6800000| PB 0x00000000a6800000| Untracked 
| 105|0x00000000a6900000, 0x00000000a6900000, 0x00000000a6a00000|  0%| F|  |TAMS 0x00000000a6900000| PB 0x00000000a6900000| Untracked 
| 106|0x00000000a6a00000, 0x00000000a6a00000, 0x00000000a6b00000|  0%| F|  |TAMS 0x00000000a6a00000| PB 0x00000000a6a00000| Untracked 
| 107|0x00000000a6b00000, 0x00000000a6b00000, 0x00000000a6c00000|  0%| F|  |TAMS 0x00000000a6b00000| PB 0x00000000a6b00000| Untracked 
| 108|0x00000000a6c00000, 0x00000000a6c00000, 0x00000000a6d00000|  0%| F|  |TAMS 0x00000000a6c00000| PB 0x00000000a6c00000| Untracked 
| 109|0x00000000a6d00000, 0x00000000a6d00000, 0x00000000a6e00000|  0%| F|  |TAMS 0x00000000a6d00000| PB 0x00000000a6d00000| Untracked 
| 110|0x00000000a6e00000, 0x00000000a6e00000, 0x00000000a6f00000|  0%| F|  |TAMS 0x00000000a6e00000| PB 0x00000000a6e00000| Untracked 
| 111|0x00000000a6f00000, 0x00000000a6f00000, 0x00000000a7000000|  0%| F|  |TAMS 0x00000000a6f00000| PB 0x00000000a6f00000| Untracked 
| 112|0x00000000a7000000, 0x00000000a7000000, 0x00000000a7100000|  0%| F|  |TAMS 0x00000000a7000000| PB 0x00000000a7000000| Untracked 
| 113|0x00000000a7100000, 0x00000000a7100000, 0x00000000a7200000|  0%| F|  |TAMS 0x00000000a7100000| PB 0x00000000a7100000| Untracked 
| 114|0x00000000a7200000, 0x00000000a7200000, 0x00000000a7300000|  0%| F|  |TAMS 0x00000000a7200000| PB 0x00000000a7200000| Untracked 
| 115|0x00000000a7300000, 0x00000000a7300000, 0x00000000a7400000|  0%| F|  |TAMS 0x00000000a7300000| PB 0x00000000a7300000| Untracked 
| 116|0x00000000a7400000, 0x00000000a7400000, 0x00000000a7500000|  0%| F|  |TAMS 0x00000000a7400000| PB 0x00000000a7400000| Untracked 
| 117|0x00000000a7500000, 0x00000000a7500000, 0x00000000a7600000|  0%| F|  |TAMS 0x00000000a7500000| PB 0x00000000a7500000| Untracked 
| 118|0x00000000a7600000, 0x00000000a7600000, 0x00000000a7700000|  0%| F|  |TAMS 0x00000000a7600000| PB 0x00000000a7600000| Untracked 
| 119|0x00000000a7700000, 0x00000000a7700000, 0x00000000a7800000|  0%| F|  |TAMS 0x00000000a7700000| PB 0x00000000a7700000| Untracked 
| 120|0x00000000a7800000, 0x00000000a7800000, 0x00000000a7900000|  0%| F|  |TAMS 0x00000000a7800000| PB 0x00000000a7800000| Untracked 
| 121|0x00000000a7900000, 0x00000000a7900000, 0x00000000a7a00000|  0%| F|  |TAMS 0x00000000a7900000| PB 0x00000000a7900000| Untracked 
| 122|0x00000000a7a00000, 0x00000000a7a00000, 0x00000000a7b00000|  0%| F|  |TAMS 0x00000000a7a00000| PB 0x00000000a7a00000| Untracked 
| 123|0x00000000a7b00000, 0x00000000a7b00000, 0x00000000a7c00000|  0%| F|  |TAMS 0x00000000a7b00000| PB 0x00000000a7b00000| Untracked 
| 144|0x00000000a9000000, 0x00000000a9000000, 0x00000000a9100000|  0%| F|  |TAMS 0x00000000a9000000| PB 0x00000000a9000000| Untracked 
| 145|0x00000000a9100000, 0x00000000a9100000, 0x00000000a9200000|  0%| F|  |TAMS 0x00000000a9100000| PB 0x00000000a9100000| Untracked 
| 146|0x00000000a9200000, 0x00000000a9200000, 0x00000000a9300000|  0%| F|  |TAMS 0x00000000a9200000| PB 0x00000000a9200000| Untracked 
| 147|0x00000000a9300000, 0x00000000a9300000, 0x00000000a9400000|  0%| F|  |TAMS 0x00000000a9300000| PB 0x00000000a9300000| Untracked 
| 148|0x00000000a9400000, 0x00000000a9400000, 0x00000000a9500000|  0%| F|  |TAMS 0x00000000a9400000| PB 0x00000000a9400000| Untracked 
| 149|0x00000000a9500000, 0x00000000a9500000, 0x00000000a9600000|  0%| F|  |TAMS 0x00000000a9500000| PB 0x00000000a9500000| Untracked 
| 150|0x00000000a9600000, 0x00000000a9600000, 0x00000000a9700000|  0%| F|  |TAMS 0x00000000a9600000| PB 0x00000000a9600000| Untracked 
| 151|0x00000000a9700000, 0x00000000a9700000, 0x00000000a9800000|  0%| F|  |TAMS 0x00000000a9700000| PB 0x00000000a9700000| Untracked 
| 152|0x00000000a9800000, 0x00000000a9800000, 0x00000000a9900000|  0%| F|  |TAMS 0x00000000a9800000| PB 0x00000000a9800000| Untracked 
| 153|0x00000000a9900000, 0x00000000a9900000, 0x00000000a9a00000|  0%| F|  |TAMS 0x00000000a9900000| PB 0x00000000a9900000| Untracked 
| 154|0x00000000a9a00000, 0x00000000a9ac98e8, 0x00000000a9b00000| 78%| E|  |TAMS 0x00000000a9a00000| PB 0x00000000a9a00000| Complete 
| 155|0x00000000a9b00000, 0x00000000a9c00000, 0x00000000a9c00000|100%| E|CS|TAMS 0x00000000a9b00000| PB 0x00000000a9b00000| Complete 
| 244|0x00000000af400000, 0x00000000af500000, 0x00000000af500000|100%| E|CS|TAMS 0x00000000af400000| PB 0x00000000af400000| Complete 
| 245|0x00000000af500000, 0x00000000af600000, 0x00000000af600000|100%| E|CS|TAMS 0x00000000af500000| PB 0x00000000af500000| Complete 
|1533|0x00000000ffd00000, 0x00000000ffe00000, 0x00000000ffe00000|100%| O|Cm|TAMS 0x00000000ffd00000| PB 0x00000000ffd00000| Complete 
|1534|0x00000000ffe00000, 0x00000000fff00000, 0x00000000fff00000|100%| O|  |TAMS 0x00000000ffe00000| PB 0x00000000ffe00000| Untracked 
|1535|0x00000000fff00000, 0x0000000100000000, 0x0000000100000000|100%| O|  |TAMS 0x00000000fff00000| PB 0x00000000fff00000| Untracked 

Card table byte_map: [0x000002004c5e0000,0x000002004c8e0000] _byte_map_base: 0x000002004c0e0000

Marking Bits: (CMBitMap*) 0x00000200329aa1c0
 Bits: [0x000002004c8e0000, 0x000002004e0e0000)

Polling page: 0x0000020032680000

Metaspace:

Usage:
  Non-class:     58.78 MB used.
      Class:      9.26 MB used.
       Both:     68.03 MB used.

Virtual space:
  Non-class space:       64.00 MB reserved,      59.75 MB ( 93%) committed,  1 nodes.
      Class space:        1.00 GB reserved,      10.12 MB ( <1%) committed,  1 nodes.
             Both:        1.06 GB reserved,      69.88 MB (  6%) committed. 

Chunk freelists:
   Non-Class:  3.60 MB
       Class:  5.89 MB
        Both:  9.49 MB

MaxMetaspaceSize: unlimited
CompressedClassSpaceSize: 1.00 GB
Initial GC threshold: 21.00 MB
Current GC threshold: 114.62 MB
CDS: on
 - commit_granule_bytes: 65536.
 - commit_granule_words: 8192.
 - virtual_space_node_default_size: 8388608.
 - enlarge_chunks_in_place: 1.
 - use_allocation_guard: 0.


Internal statistics:

num_allocs_failed_limit: 6.
num_arena_births: 3220.
num_arena_deaths: 14.
num_vsnodes_births: 2.
num_vsnodes_deaths: 0.
num_space_committed: 1118.
num_space_uncommitted: 0.
num_chunks_returned_to_freelist: 36.
num_chunks_taken_from_freelist: 6307.
num_chunk_merges: 10.
num_chunk_splits: 4000.
num_chunks_enlarged: 2396.
num_inconsistent_stats: 0.

CodeHeap 'non-profiled nmethods': size=120000Kb used=7025Kb max_used=7210Kb free=112974Kb
 bounds [0x0000020044130000, 0x0000020044840000, 0x000002004b660000]
CodeHeap 'profiled nmethods': size=120000Kb used=19565Kb max_used=20043Kb free=100434Kb
 bounds [0x000002003c660000, 0x000002003da00000, 0x0000020043b90000]
CodeHeap 'non-nmethods': size=5760Kb used=2844Kb max_used=2902Kb free=2915Kb
 bounds [0x0000020043b90000, 0x0000020043e80000, 0x0000020044130000]
 total_blobs=11138 nmethods=10195 adapters=846
 compilation: enabled
              stopped_count=0, restarted_count=0
 full_count=0

Compilation events (20 events):
Event: 86.052 Thread 0x0000020096042980 12340       3       org.gradle.internal.vfs.impl.DefaultSnapshotHierarchy::store (61 bytes)
Event: 86.053 Thread 0x0000020096042980 nmethod 12340 0x000002003d8e2f10 code [0x000002003d8e3180, 0x000002003d8e3d28]
Event: 86.061 Thread 0x0000020096042980 12341       3       java.lang.invoke.LambdaForm$MH/0x0000020052440c00::linkToTargetMethod (16 bytes)
Event: 86.061 Thread 0x0000020096042980 nmethod 12341 0x000002003d8e2810 code [0x000002003d8e29e0, 0x000002003d8e2e38]
Event: 86.063 Thread 0x00000200960402c0 12342       4       java.util.concurrent.atomic.AtomicReferenceArray::set (13 bytes)
Event: 86.065 Thread 0x0000020096042980 12344       3       org.gradle.internal.snapshot.DirectorySnapshot$$Lambda/0x000002005258f5f0::apply (16 bytes)
Event: 86.066 Thread 0x00000200960402c0 nmethod 12342 0x0000020044391610 code [0x00000200443917a0, 0x00000200443919a0]
Event: 86.066 Thread 0x0000020096042980 nmethod 12344 0x000002003d92b490 code [0x000002003d92b640, 0x000002003d92b880]
Event: 86.066 Thread 0x00000200960402c0 12343       4       org.gradle.internal.snapshot.VfsRelativePath::compareToFirstSegment (203 bytes)
Event: 86.066 Thread 0x0000020096042980 12345       3       org.gradle.internal.snapshot.DirectorySnapshot::lambda$relocateDirectAccess$2 (50 bytes)
Event: 86.067 Thread 0x0000020096042980 nmethod 12345 0x000002003d929810 code [0x000002003d929b40, 0x000002003d92ade8]
Event: 86.067 Thread 0x0000020096042980 12346       3       org.gradle.internal.snapshot.DirectorySnapshot$$Lambda/0x000002005258fa60::<init> (10 bytes)
Event: 86.067 Thread 0x0000020096042980 nmethod 12346 0x000002003d929410 code [0x000002003d9295c0, 0x000002003d929778]
Event: 86.067 Thread 0x0000020096042980 12347       1       org.gradle.internal.resources.AbstractResourceLockRegistry$ThreadLockDetails::access$000 (5 bytes)
Event: 86.067 Thread 0x0000020096042980 nmethod 12347 0x0000020044391310 code [0x00000200443914a0, 0x0000020044391550]
Event: 86.071 Thread 0x00000200960402c0 nmethod 12343 0x0000020044390310 code [0x0000020044390540, 0x0000020044390c10]
Event: 86.075 Thread 0x0000020096042980 12348       3       java.util.ArrayList$ArrayListSpliterator::forEachRemaining (127 bytes)
Event: 86.076 Thread 0x0000020096042980 nmethod 12348 0x000002003d928990 code [0x000002003d928ba0, 0x000002003d9291a8]
Event: 86.076 Thread 0x0000020096042980 12349       1       org.gradle.internal.snapshot.AbstractFileSystemLocationSnapshot::getAccessType (5 bytes)
Event: 86.076 Thread 0x0000020096042980 nmethod 12349 0x00000200445f1a90 code [0x00000200445f1c20, 0x00000200445f1ce8]

GC Heap History (20 events):
Event: 11.707 GC heap before
{Heap before GC invocations=17 (full 0):
 garbage-first heap   total 113664K, used 99192K [0x00000000a0000000, 0x0000000100000000)
  region size 1024K, 50 young (51200K), 6 survivors (6144K)
 Metaspace       used 47529K, committed 48896K, reserved 1114112K
  class space    used 6530K, committed 7168K, reserved 1048576K
}
Event: 11.713 GC heap after
{Heap after GC invocations=18 (full 0):
 garbage-first heap   total 113664K, used 57103K [0x00000000a0000000, 0x0000000100000000)
  region size 1024K, 6 young (6144K), 6 survivors (6144K)
 Metaspace       used 47529K, committed 48896K, reserved 1114112K
  class space    used 6530K, committed 7168K, reserved 1048576K
}
Event: 12.198 GC heap before
{Heap before GC invocations=18 (full 0):
 garbage-first heap   total 113664K, used 99087K [0x00000000a0000000, 0x0000000100000000)
  region size 1024K, 47 young (48128K), 6 survivors (6144K)
 Metaspace       used 51615K, committed 53184K, reserved 1114112K
  class space    used 7217K, committed 8000K, reserved 1048576K
}
Event: 12.204 GC heap after
{Heap after GC invocations=19 (full 0):
 garbage-first heap   total 113664K, used 59986K [0x00000000a0000000, 0x0000000100000000)
  region size 1024K, 6 young (6144K), 6 survivors (6144K)
 Metaspace       used 51615K, committed 53184K, reserved 1114112K
  class space    used 7217K, committed 8000K, reserved 1048576K
}
Event: 16.191 GC heap before
{Heap before GC invocations=20 (full 0):
 garbage-first heap   total 113664K, used 100946K [0x00000000a0000000, 0x0000000100000000)
  region size 1024K, 45 young (46080K), 6 survivors (6144K)
 Metaspace       used 55340K, committed 57152K, reserved 1114112K
  class space    used 7719K, committed 8576K, reserved 1048576K
}
Event: 16.196 GC heap after
{Heap after GC invocations=21 (full 0):
 garbage-first heap   total 144384K, used 62472K [0x00000000a0000000, 0x0000000100000000)
  region size 1024K, 6 young (6144K), 6 survivors (6144K)
 Metaspace       used 55340K, committed 57152K, reserved 1114112K
  class space    used 7719K, committed 8576K, reserved 1048576K
}
Event: 18.384 GC heap before
{Heap before GC invocations=21 (full 0):
 garbage-first heap   total 144384K, used 128008K [0x00000000a0000000, 0x0000000100000000)
  region size 1024K, 71 young (72704K), 6 survivors (6144K)
 Metaspace       used 64906K, committed 66752K, reserved 1114112K
  class space    used 9005K, committed 9920K, reserved 1048576K
}
Event: 18.392 GC heap after
{Heap after GC invocations=22 (full 0):
 garbage-first heap   total 144384K, used 67631K [0x00000000a0000000, 0x0000000100000000)
  region size 1024K, 9 young (9216K), 9 survivors (9216K)
 Metaspace       used 64906K, committed 66752K, reserved 1114112K
  class space    used 9005K, committed 9920K, reserved 1048576K
}
Event: 32.904 GC heap before
{Heap before GC invocations=22 (full 0):
 garbage-first heap   total 144384K, used 124975K [0x00000000a0000000, 0x0000000100000000)
  region size 1024K, 66 young (67584K), 9 survivors (9216K)
 Metaspace       used 68059K, committed 69888K, reserved 1114112K
  class space    used 9299K, committed 10176K, reserved 1048576K
}
Event: 32.911 GC heap after
{Heap after GC invocations=23 (full 0):
 garbage-first heap   total 144384K, used 69903K [0x00000000a0000000, 0x0000000100000000)
  region size 1024K, 3 young (3072K), 3 survivors (3072K)
 Metaspace       used 68059K, committed 69888K, reserved 1114112K
  class space    used 9299K, committed 10176K, reserved 1048576K
}
Event: 35.937 GC heap before
{Heap before GC invocations=23 (full 0):
 garbage-first heap   total 144384K, used 131343K [0x00000000a0000000, 0x0000000100000000)
  region size 1024K, 63 young (64512K), 3 survivors (3072K)
 Metaspace       used 68086K, committed 69952K, reserved 1114112K
  class space    used 9299K, committed 10176K, reserved 1048576K
}
Event: 35.939 GC heap after
{Heap after GC invocations=24 (full 0):
 garbage-first heap   total 144384K, used 69743K [0x00000000a0000000, 0x0000000100000000)
  region size 1024K, 3 young (3072K), 3 survivors (3072K)
 Metaspace       used 68086K, committed 69952K, reserved 1114112K
  class space    used 9299K, committed 10176K, reserved 1048576K
}
Event: 39.105 GC heap before
{Heap before GC invocations=25 (full 0):
 garbage-first heap   total 144384K, used 132207K [0x00000000a0000000, 0x0000000100000000)
  region size 1024K, 64 young (65536K), 3 survivors (3072K)
 Metaspace       used 68048K, committed 69952K, reserved 1114112K
  class space    used 9276K, committed 10176K, reserved 1048576K
}
Event: 39.108 GC heap after
{Heap after GC invocations=26 (full 0):
 garbage-first heap   total 144384K, used 69565K [0x00000000a0000000, 0x0000000100000000)
  region size 1024K, 3 young (3072K), 3 survivors (3072K)
 Metaspace       used 68048K, committed 69952K, reserved 1114112K
  class space    used 9276K, committed 10176K, reserved 1048576K
}
Event: 50.670 GC heap before
{Heap before GC invocations=26 (full 0):
 garbage-first heap   total 144384K, used 131005K [0x00000000a0000000, 0x0000000100000000)
  region size 1024K, 64 young (65536K), 3 survivors (3072K)
 Metaspace       used 68259K, committed 70144K, reserved 1114112K
  class space    used 9276K, committed 10176K, reserved 1048576K
}
Event: 50.674 GC heap after
{Heap after GC invocations=27 (full 0):
 garbage-first heap   total 144384K, used 69392K [0x00000000a0000000, 0x0000000100000000)
  region size 1024K, 4 young (4096K), 4 survivors (4096K)
 Metaspace       used 68259K, committed 70144K, reserved 1114112K
  class space    used 9276K, committed 10176K, reserved 1048576K
}
Event: 77.039 GC heap before
{Heap before GC invocations=27 (full 0):
 garbage-first heap   total 144384K, used 129808K [0x00000000a0000000, 0x0000000100000000)
  region size 1024K, 64 young (65536K), 4 survivors (4096K)
 Metaspace       used 68532K, committed 70400K, reserved 1114112K
  class space    used 9277K, committed 10176K, reserved 1048576K
}
Event: 77.042 GC heap after
{Heap after GC invocations=28 (full 0):
 garbage-first heap   total 144384K, used 69506K [0x00000000a0000000, 0x0000000100000000)
  region size 1024K, 4 young (4096K), 4 survivors (4096K)
 Metaspace       used 68532K, committed 70400K, reserved 1114112K
  class space    used 9277K, committed 10176K, reserved 1048576K
}
Event: 86.004 GC heap before
{Heap before GC invocations=29 (full 0):
 garbage-first heap   total 144384K, used 129922K [0x00000000a0000000, 0x0000000100000000)
  region size 1024K, 64 young (65536K), 4 survivors (4096K)
 Metaspace       used 69655K, committed 71552K, reserved 1114112K
  class space    used 9479K, committed 10368K, reserved 1048576K
}
Event: 86.010 GC heap after
{Heap after GC invocations=30 (full 0):
 garbage-first heap   total 144384K, used 72031K [0x00000000a0000000, 0x0000000100000000)
  region size 1024K, 6 young (6144K), 6 survivors (6144K)
 Metaspace       used 69655K, committed 71552K, reserved 1114112K
  class space    used 9479K, committed 10368K, reserved 1048576K
}

Dll operation events (15 events):
Event: 0.012 Loaded shared library C:\Program Files\Eclipse Adoptium\jdk-21.0.3.9-hotspot\bin\java.dll
Event: 0.260 Loaded shared library C:\Program Files\Eclipse Adoptium\jdk-21.0.3.9-hotspot\bin\jsvml.dll
Event: 0.306 Loaded shared library C:\Program Files\Eclipse Adoptium\jdk-21.0.3.9-hotspot\bin\zip.dll
Event: 0.311 Loaded shared library C:\Program Files\Eclipse Adoptium\jdk-21.0.3.9-hotspot\bin\instrument.dll
Event: 0.317 Loaded shared library C:\Program Files\Eclipse Adoptium\jdk-21.0.3.9-hotspot\bin\net.dll
Event: 0.320 Loaded shared library C:\Program Files\Eclipse Adoptium\jdk-21.0.3.9-hotspot\bin\nio.dll
Event: 0.323 Loaded shared library C:\Program Files\Eclipse Adoptium\jdk-21.0.3.9-hotspot\bin\zip.dll
Event: 0.523 Loaded shared library C:\Program Files\Eclipse Adoptium\jdk-21.0.3.9-hotspot\bin\jimage.dll
Event: 0.667 Loaded shared library C:\Program Files\Eclipse Adoptium\jdk-21.0.3.9-hotspot\bin\verify.dll
Event: 0.781 Loaded shared library D:\GradleCache\native\1def1411415f61bf3af743bc5b6707747c0891f09f0c88961ee8f79bc544acac\windows-amd64\native-platform.dll
Event: 0.791 Loaded shared library D:\GradleCache\native\0.2.7\x86_64-windows-gnu\gradle-fileevents.dll
Event: 1.685 Loaded shared library C:\Program Files\Eclipse Adoptium\jdk-21.0.3.9-hotspot\bin\management.dll
Event: 1.691 Loaded shared library C:\Program Files\Eclipse Adoptium\jdk-21.0.3.9-hotspot\bin\management_ext.dll
Event: 1.843 Loaded shared library C:\Program Files\Eclipse Adoptium\jdk-21.0.3.9-hotspot\bin\extnet.dll
Event: 2.079 Loaded shared library C:\Program Files\Eclipse Adoptium\jdk-21.0.3.9-hotspot\bin\sunmscapi.dll

Deoptimization events (20 events):
Event: 86.003 Thread 0x00000200989fb3f0 DEOPT PACKING pc=0x000002003c8e6a0c sp=0x0000009bef9fd9b0
Event: 86.003 Thread 0x00000200989fb3f0 DEOPT UNPACKING pc=0x0000020043be4e42 sp=0x0000009bef9fcea0 mode 0
Event: 86.003 Thread 0x00000200989fb3f0 DEOPT PACKING pc=0x000002003c8e6a0c sp=0x0000009bef9fe830
Event: 86.003 Thread 0x00000200989fb3f0 DEOPT UNPACKING pc=0x0000020043be4e42 sp=0x0000009bef9fdd20 mode 0
Event: 86.003 Thread 0x00000200989f8c90 DEOPT PACKING pc=0x000002003c8e6a0c sp=0x0000009bef4fdde0
Event: 86.003 Thread 0x00000200989f8c90 DEOPT UNPACKING pc=0x0000020043be4e42 sp=0x0000009bef4fd2d0 mode 0
Event: 86.003 Thread 0x00000200989f8c90 DEOPT PACKING pc=0x000002003c8e6a0c sp=0x0000009bef4fec60
Event: 86.003 Thread 0x00000200989f8c90 DEOPT UNPACKING pc=0x0000020043be4e42 sp=0x0000009bef4fe150 mode 0
Event: 86.024 Thread 0x00000200989fba80 Uncommon trap: trap_request=0xffffff45 fr.pc=0x00000200447d1178 relative=0x0000000000000298
Event: 86.024 Thread 0x00000200989fba80 Uncommon trap: reason=unstable_if action=reinterpret pc=0x00000200447d1178 method=com.esotericsoftware.kryo.io.Output.writeString(Ljava/lang/CharSequence;)V @ 50 c2
Event: 86.024 Thread 0x00000200989fba80 DEOPT PACKING pc=0x00000200447d1178 sp=0x0000009bef8fb140
Event: 86.024 Thread 0x00000200989fba80 DEOPT UNPACKING pc=0x0000020043be46a2 sp=0x0000009bef8fb068 mode 2
Event: 86.027 Thread 0x00000200989fba80 Uncommon trap: trap_request=0xffffff45 fr.pc=0x00000200446962ec relative=0x000000000000028c
Event: 86.027 Thread 0x00000200989fba80 Uncommon trap: reason=unstable_if action=reinterpret pc=0x00000200446962ec method=com.esotericsoftware.kryo.io.Output.writeString(Ljava/lang/CharSequence;)V @ 50 c2
Event: 86.027 Thread 0x00000200989fba80 DEOPT PACKING pc=0x00000200446962ec sp=0x0000009bef8faf90
Event: 86.027 Thread 0x00000200989fba80 DEOPT UNPACKING pc=0x0000020043be46a2 sp=0x0000009bef8faf10 mode 2
Event: 86.040 Thread 0x00000200989f4460 DEOPT PACKING pc=0x000002003c8e6a0c sp=0x0000009bea2fdda0
Event: 86.040 Thread 0x00000200989f4460 DEOPT UNPACKING pc=0x0000020043be4e42 sp=0x0000009bea2fd290 mode 0
Event: 86.040 Thread 0x00000200989f4460 DEOPT PACKING pc=0x000002003c8e6a0c sp=0x0000009bea2fec20
Event: 86.040 Thread 0x00000200989f4460 DEOPT UNPACKING pc=0x0000020043be4e42 sp=0x0000009bea2fe110 mode 0

Classes loaded (20 events):
Event: 31.626 Loading class java/util/zip/GZIPInputStream$1
Event: 31.626 Loading class java/util/zip/GZIPInputStream$1 done
Event: 36.290 Loading class java/util/concurrent/locks/ReentrantReadWriteLock$Sync$HoldCounter
Event: 36.290 Loading class java/util/concurrent/locks/ReentrantReadWriteLock$Sync$HoldCounter done
Event: 80.498 Loading class java/util/stream/DistinctOps
Event: 80.508 Loading class java/util/stream/DistinctOps done
Event: 80.508 Loading class java/util/stream/DistinctOps$1
Event: 80.508 Loading class java/util/stream/ReferencePipeline$StatefulOp
Event: 80.508 Loading class java/util/stream/ReferencePipeline$StatefulOp done
Event: 80.508 Loading class java/util/stream/DistinctOps$1 done
Event: 80.509 Loading class java/util/stream/DistinctOps$1$2
Event: 80.509 Loading class java/util/stream/DistinctOps$1$2 done
Event: 80.528 Loading class sun/reflect/ReflectionFactory
Event: 80.528 Loading class sun/reflect/ReflectionFactory done
Event: 80.528 Loading class sun/reflect/ReflectionFactory$1
Event: 80.528 Loading class sun/reflect/ReflectionFactory$1 done
Event: 85.883 Loading class java/util/zip/ZipFile$ZipEntryIterator
Event: 85.884 Loading class java/util/zip/ZipFile$ZipEntryIterator done
Event: 85.886 Loading class java/util/zip/ZipInputStream
Event: 85.886 Loading class java/util/zip/ZipInputStream done

Classes unloaded (20 events):
Event: 35.976 Thread 0x0000020050d7bd00 Unloading class 0x00000200526bb800 '_BuildScript_'
Event: 35.976 Thread 0x0000020050d7bd00 Unloading class 0x00000200526b83e8 '_BuildScript_$_run_closure1$_closure2'
Event: 35.976 Thread 0x0000020050d7bd00 Unloading class 0x00000200526b8000 '_BuildScript_$_run_closure1'
Event: 35.976 Thread 0x0000020050d7bd00 Unloading class 0x00000200526b7800 '_BuildScript_'
Event: 35.976 Thread 0x0000020050d7bd00 Unloading class 0x00000200526b63e8 '_BuildScript_$_run_closure1$_closure2$_closure3$_closure4'
Event: 35.976 Thread 0x0000020050d7bd00 Unloading class 0x00000200526b6000 '_BuildScript_$_run_closure1$_closure2$_closure3'
Event: 35.976 Thread 0x0000020050d7bd00 Unloading class 0x00000200526b5918 '_BuildScript_$_run_closure1$_closure2'
Event: 35.976 Thread 0x0000020050d7bd00 Unloading class 0x00000200526b5530 '_BuildScript_$_run_closure1'
Event: 35.976 Thread 0x0000020050d7bd00 Unloading class 0x00000200526b5000 '_BuildScript_'
Event: 35.976 Thread 0x0000020050d7bd00 Unloading class 0x00000200526b37d0 '_BuildScript_$_run_closure1$_closure2$_closure4$_closure5'
Event: 35.976 Thread 0x0000020050d7bd00 Unloading class 0x00000200526b33e8 '_BuildScript_$_run_closure1$_closure2$_closure4'
Event: 35.976 Thread 0x0000020050d7bd00 Unloading class 0x00000200526b3000 '_BuildScript_$_run_closure1$_closure2$_closure3'
Event: 35.976 Thread 0x0000020050d7bd00 Unloading class 0x00000200526b2918 '_BuildScript_$_run_closure1$_closure2'
Event: 35.976 Thread 0x0000020050d7bd00 Unloading class 0x00000200526b2530 '_BuildScript_$_run_closure1'
Event: 35.976 Thread 0x0000020050d7bd00 Unloading class 0x00000200526b2000 '_BuildScript_'
Event: 35.976 Thread 0x0000020050d7bd00 Unloading class 0x00000200526a93e8 '_BuildScript_$_run_closure1$_closure2$_closure3$_closure4'
Event: 35.976 Thread 0x0000020050d7bd00 Unloading class 0x00000200526a9000 '_BuildScript_$_run_closure1$_closure2$_closure3'
Event: 35.976 Thread 0x0000020050d7bd00 Unloading class 0x00000200526a8918 '_BuildScript_$_run_closure1$_closure2'
Event: 35.976 Thread 0x0000020050d7bd00 Unloading class 0x00000200526a8530 '_BuildScript_$_run_closure1'
Event: 35.976 Thread 0x0000020050d7bd00 Unloading class 0x00000200526a8000 '_BuildScript_'

Classes redefined (0 events):
No events

Internal exceptions (20 events):
Event: 26.952 Thread 0x00000200984fa1a0 Exception <a 'java/lang/NoSuchMethodError'{0x00000000a908be70}: static Lorg/gradle/internal/build/event/types/NotFoundFileDownloadSuccessResult;.<clinit>()V> (0x00000000a908be70) 
thrown [s\src\hotspot\share\prims\jni.cpp, line 1111]
Event: 31.174 Thread 0x00000200984f80d0 Exception <a 'java/lang/NoSuchMethodError'{0x00000000a7760548}: 'java.lang.Object java.lang.invoke.DirectMethodHandle$Holder.newInvokeSpecial(java.lang.Object, java.lang.Object, long, java.lang.Object)'> (0x00000000a7760548) 
thrown [s\src\hotspot\share\interpreter\linkResolver.cpp, line 773]
Event: 31.174 Thread 0x00000200984f80d0 Exception <a 'java/lang/NoSuchMethodError'{0x00000000a77652b0}: 'java.lang.Object java.lang.invoke.DirectMethodHandle$Holder.invokeSpecial(java.lang.Object, java.lang.Object, java.lang.Object, long, java.lang.Object)'> (0x00000000a77652b0) 
thrown [s\src\hotspot\share\interpreter\linkResolver.cpp, line 773]
Event: 31.174 Thread 0x00000200984f80d0 Exception <a 'java/lang/NoSuchMethodError'{0x00000000a7769978}: 'java.lang.Object java.lang.invoke.Invokers$Holder.linkToTargetMethod(java.lang.Object, long, java.lang.Object, java.lang.Object)'> (0x00000000a7769978) 
thrown [s\src\hotspot\share\interpreter\linkResolver.cpp, line 773]
Event: 31.177 Thread 0x00000200984f80d0 Exception <a 'java/lang/NoSuchMethodError'{0x00000000a7792558}: 'void java.lang.invoke.DirectMethodHandle$Holder.invokeStatic(java.lang.Object, java.lang.Object, java.lang.Object, int, java.lang.Object)'> (0x00000000a7792558) 
thrown [s\src\hotspot\share\interpreter\linkResolver.cpp, line 773]
Event: 31.197 Thread 0x00000200984f80d0 Exception <a 'java/lang/NoSuchMethodError'{0x00000000a76b0eb0}: 'int java.lang.invoke.DirectMethodHandle$Holder.invokeInterface(java.lang.Object, java.lang.Object, java.lang.Object, java.lang.Object, java.lang.Object)'> (0x00000000a76b0eb0) 
thrown [s\src\hotspot\share\interpreter\linkResolver.cpp, line 773]
Event: 36.424 Thread 0x0000020097bf7fc0 Implicit null exception at 0x000002004478ffb7 to 0x0000020044796fa4
Event: 36.446 Thread 0x0000020097bf51d0 Implicit null exception at 0x00000200447a83d0 to 0x00000200447aee70
Event: 56.162 Thread 0x0000020097bf5ef0 Implicit null exception at 0x0000020044416070 to 0x000002004441707c
Event: 56.163 Thread 0x0000020097bf5ef0 Implicit null exception at 0x0000020044416070 to 0x000002004441707c
Event: 56.163 Thread 0x0000020097bf5ef0 Implicit null exception at 0x0000020044416070 to 0x000002004441707c
Event: 80.533 Thread 0x00000200984f80d0 Exception <a 'java/lang/NoSuchMethodError'{0x00000000a965d6f0}: 'java.lang.Object java.lang.invoke.DirectMethodHandle$Holder.newInvokeSpecial(java.lang.Object, java.lang.Object, java.lang.Object, java.lang.Object, int, java.lang.Object)'> (0x00000000a965d6f0) 
thrown [s\src\hotspot\share\interpreter\linkResolver.cpp, line 773]
Event: 80.533 Thread 0x00000200984f80d0 Exception <a 'java/lang/NoSuchMethodError'{0x00000000a9666170}: 'java.lang.Object java.lang.invoke.Invokers$Holder.linkToTargetMethod(java.lang.Object, java.lang.Object, java.lang.Object, int, java.lang.Object, java.lang.Object)'> (0x00000000a9666170) 
thrown [s\src\hotspot\share\interpreter\linkResolver.cpp, line 773]
Event: 85.557 Thread 0x00000200984f80d0 Implicit null exception at 0x00000200447d897a to 0x00000200447d8e44
Event: 85.773 Thread 0x00000200989f5180 Implicit null exception at 0x00000200447d0b3d to 0x00000200447d0bb1
Event: 85.885 Thread 0x00000200989f8c90 Implicit null exception at 0x0000020044321166 to 0x0000020044321d3c
Event: 85.885 Thread 0x00000200989f5810 Implicit null exception at 0x0000020044321166 to 0x0000020044321d3c
Event: 85.885 Thread 0x00000200989f4460 Implicit null exception at 0x0000020044321166 to 0x0000020044321d3c
Event: 85.885 Thread 0x00000200989f7250 Implicit null exception at 0x0000020044321166 to 0x0000020044321d3c
Event: 85.885 Thread 0x00000200989fb3f0 Implicit null exception at 0x0000020044321166 to 0x0000020044321d3c

ZGC Phase Switch (0 events):
No events

VM Operations (20 events):
Event: 82.549 Executing VM operation: Cleanup
Event: 82.549 Executing VM operation: Cleanup done
Event: 85.577 Executing VM operation: Cleanup
Event: 85.577 Executing VM operation: Cleanup done
Event: 85.864 Executing VM operation: HandshakeAllThreads (Deoptimize)
Event: 85.864 Executing VM operation: HandshakeAllThreads (Deoptimize) done
Event: 85.867 Executing VM operation: HandshakeAllThreads (Deoptimize)
Event: 85.867 Executing VM operation: HandshakeAllThreads (Deoptimize) done
Event: 85.878 Executing VM operation: ICBufferFull
Event: 85.878 Executing VM operation: ICBufferFull done
Event: 85.878 Executing VM operation: ICBufferFull
Event: 85.878 Executing VM operation: ICBufferFull done
Event: 85.878 Executing VM operation: ICBufferFull
Event: 85.878 Executing VM operation: ICBufferFull done
Event: 85.878 Executing VM operation: ICBufferFull
Event: 85.878 Executing VM operation: ICBufferFull done
Event: 85.878 Executing VM operation: ICBufferFull
Event: 85.878 Executing VM operation: ICBufferFull done
Event: 86.004 Executing VM operation: G1CollectForAllocation (G1 Evacuation Pause)
Event: 86.010 Executing VM operation: G1CollectForAllocation (G1 Evacuation Pause) done

Events (20 events):
Event: 77.085 Thread 0x0000020050d7bd00 flushing nmethod 0x000002004417ad10
Event: 77.085 Thread 0x0000020050d7bd00 flushing nmethod 0x000002004414b690
Event: 77.085 Thread 0x0000020050d7bd00 flushing nmethod 0x000002004413f610
Event: 77.085 Thread 0x0000020050d7bd00 flushing nmethod 0x000002004414a910
Event: 77.085 Thread 0x0000020050d7bd00 flushing nmethod 0x000002004413d910
Event: 85.558 Thread 0x00000200989f4460 Thread added: 0x00000200989f4460
Event: 85.560 Thread 0x00000200989f7f70 Thread added: 0x00000200989f7f70
Event: 85.560 Thread 0x00000200989f7250 Thread added: 0x00000200989f7250
Event: 85.561 Thread 0x00000200989f6530 Thread added: 0x00000200989f6530
Event: 85.562 Thread 0x00000200989f5180 Thread added: 0x00000200989f5180
Event: 85.563 Thread 0x00000200989f8c90 Thread added: 0x00000200989f8c90
Event: 85.563 Thread 0x00000200989f8600 Thread added: 0x00000200989f8600
Event: 85.564 Thread 0x00000200989f5810 Thread added: 0x00000200989f5810
Event: 85.565 Thread 0x00000200989fad60 Thread added: 0x00000200989fad60
Event: 85.565 Thread 0x00000200989fba80 Thread added: 0x00000200989fba80
Event: 85.566 Thread 0x00000200989fb3f0 Thread added: 0x00000200989fb3f0
Event: 85.571 Thread 0x000002009b807090 Thread added: 0x000002009b807090
Event: 85.749 Thread 0x000002009b807090 Thread exited: 0x000002009b807090
Event: 85.774 Thread 0x00000200970218f0 Thread added: 0x00000200970218f0
Event: 85.796 Thread 0x000002009b807090 Thread added: 0x000002009b807090


Dynamic libraries:
0x00007ff6c0aa0000 - 0x00007ff6c0aae000 	C:\Program Files\Eclipse Adoptium\jdk-21.0.3.9-hotspot\bin\java.exe
0x00007ffbc80c0000 - 0x00007ffbc8327000 	C:\WINDOWS\SYSTEM32\ntdll.dll
0x00007ffbc7690000 - 0x00007ffbc775b000 	C:\WINDOWS\System32\KERNEL32.DLL
0x00007ffbc57b0000 - 0x00007ffbc5bb1000 	C:\WINDOWS\System32\KERNELBASE.dll
0x00007ffbc5430000 - 0x00007ffbc557c000 	C:\WINDOWS\System32\ucrtbase.dll
0x00007ffbbfea0000 - 0x00007ffbbfebb000 	C:\Program Files\Eclipse Adoptium\jdk-21.0.3.9-hotspot\bin\VCRUNTIME140.dll
0x00007ffbbffa0000 - 0x00007ffbbffb8000 	C:\Program Files\Eclipse Adoptium\jdk-21.0.3.9-hotspot\bin\jli.dll
0x00007ffbc7b90000 - 0x00007ffbc7d67000 	C:\WINDOWS\System32\USER32.dll
0x00007ffbc5db0000 - 0x00007ffbc5dd7000 	C:\WINDOWS\System32\win32u.dll
0x00007ffba6680000 - 0x00007ffba6910000 	C:\WINDOWS\WinSxS\amd64_microsoft.windows.common-controls_6595b64144ccf1df_6.0.26100.9549_none_3e0a0396e3330090\COMCTL32.dll
0x00007ffbc6020000 - 0x00007ffbc604b000 	C:\WINDOWS\System32\GDI32.dll
0x00007ffbc75e0000 - 0x00007ffbc7689000 	C:\WINDOWS\System32\msvcrt.dll
0x00007ffbc5bc0000 - 0x00007ffbc5ce8000 	C:\WINDOWS\System32\gdi32full.dll
0x00007ffbc5380000 - 0x00007ffbc5423000 	C:\WINDOWS\System32\msvcp_win.dll
0x00007ffbc7220000 - 0x00007ffbc7251000 	C:\WINDOWS\System32\IMM32.DLL
0x00007ffbbe370000 - 0x00007ffbbe37c000 	C:\Program Files\Eclipse Adoptium\jdk-21.0.3.9-hotspot\bin\vcruntime140_1.dll
0x00007ffb7c2a0000 - 0x00007ffb7c32e000 	C:\Program Files\Eclipse Adoptium\jdk-21.0.3.9-hotspot\bin\msvcp140.dll
0x00007ffb23420000 - 0x00007ffb241a2000 	C:\Program Files\Eclipse Adoptium\jdk-21.0.3.9-hotspot\bin\server\jvm.dll
0x00007ffbc7360000 - 0x00007ffbc741b000 	C:\WINDOWS\System32\ADVAPI32.dll
0x00007ffbc6630000 - 0x00007ffbc66d8000 	C:\WINDOWS\System32\sechost.dll
0x00007ffbc7d90000 - 0x00007ffbc7ea8000 	C:\WINDOWS\System32\RPCRT4.dll
0x00007ffbc6050000 - 0x00007ffbc60d1000 	C:\WINDOWS\System32\WS2_32.dll
0x00007ffbc5130000 - 0x00007ffbc518e000 	C:\WINDOWS\SYSTEM32\POWRPROF.dll
0x00007ffbbb870000 - 0x00007ffbbb8a7000 	C:\WINDOWS\SYSTEM32\WINMM.dll
0x00007ffbc2a20000 - 0x00007ffbc2a2b000 	C:\WINDOWS\SYSTEM32\VERSION.dll
0x00007ffbc5110000 - 0x00007ffbc5125000 	C:\WINDOWS\SYSTEM32\UMPDC.dll
0x00007ffbc3f40000 - 0x00007ffbc3f5b000 	C:\WINDOWS\SYSTEM32\kernel.appcore.dll
0x00007ffbbe360000 - 0x00007ffbbe36a000 	C:\Program Files\Eclipse Adoptium\jdk-21.0.3.9-hotspot\bin\jimage.dll
0x00007ffbb7f70000 - 0x00007ffbb81bc000 	C:\WINDOWS\SYSTEM32\DBGHELP.DLL
0x00007ffbc77d0000 - 0x00007ffbc7b5a000 	C:\WINDOWS\System32\combase.dll
0x00007ffbc7420000 - 0x00007ffbc74f9000 	C:\WINDOWS\System32\OLEAUT32.dll
0x00007ffba4850000 - 0x00007ffba488b000 	C:\WINDOWS\SYSTEM32\dbgcore.DLL
0x00007ffbc5cf0000 - 0x00007ffbc5d9c000 	C:\WINDOWS\System32\bcryptPrimitives.dll
0x00007ffbbe350000 - 0x00007ffbbe35f000 	C:\Program Files\Eclipse Adoptium\jdk-21.0.3.9-hotspot\bin\instrument.dll
0x00007ffbbc350000 - 0x00007ffbbc36f000 	C:\Program Files\Eclipse Adoptium\jdk-21.0.3.9-hotspot\bin\java.dll
0x00007ffbc68f0000 - 0x00007ffbc708c000 	C:\WINDOWS\System32\SHELL32.dll
0x00007ffbc2ce0000 - 0x00007ffbc358d000 	C:\WINDOWS\SYSTEM32\windows.storage.dll
0x00007ffbc67f0000 - 0x00007ffbc68e9000 	C:\WINDOWS\System32\SHCORE.dll
0x00007ffbc7760000 - 0x00007ffbc77c6000 	C:\WINDOWS\System32\shlwapi.dll
0x00007ffbc51d0000 - 0x00007ffbc51f9000 	C:\WINDOWS\SYSTEM32\profapi.dll
0x00007ffb48290000 - 0x00007ffb48367000 	C:\Program Files\Eclipse Adoptium\jdk-21.0.3.9-hotspot\bin\jsvml.dll
0x00007ffbbc330000 - 0x00007ffbbc348000 	C:\Program Files\Eclipse Adoptium\jdk-21.0.3.9-hotspot\bin\zip.dll
0x00007ffbbc320000 - 0x00007ffbbc330000 	C:\Program Files\Eclipse Adoptium\jdk-21.0.3.9-hotspot\bin\net.dll
0x00007ffbbcde0000 - 0x00007ffbbcf0a000 	C:\WINDOWS\SYSTEM32\WINHTTP.dll
0x00007ffbc4520000 - 0x00007ffbc458c000 	C:\WINDOWS\system32\mswsock.dll
0x00007ffbb8fb0000 - 0x00007ffbb8fc6000 	C:\Program Files\Eclipse Adoptium\jdk-21.0.3.9-hotspot\bin\nio.dll
0x00007ffbb8f90000 - 0x00007ffbb8fa0000 	C:\Program Files\Eclipse Adoptium\jdk-21.0.3.9-hotspot\bin\verify.dll
0x00007ffbbe380000 - 0x00007ffbbe3a7000 	D:\GradleCache\native\1def1411415f61bf3af743bc5b6707747c0891f09f0c88961ee8f79bc544acac\windows-amd64\native-platform.dll
0x00007ffb96010000 - 0x00007ffb96088000 	D:\GradleCache\native\0.2.7\x86_64-windows-gnu\gradle-fileevents.dll
0x00007ffbb8f80000 - 0x00007ffbb8f8a000 	C:\Program Files\Eclipse Adoptium\jdk-21.0.3.9-hotspot\bin\management.dll
0x00007ffbb8f70000 - 0x00007ffbb8f7b000 	C:\Program Files\Eclipse Adoptium\jdk-21.0.3.9-hotspot\bin\management_ext.dll
0x00007ffbc7b80000 - 0x00007ffbc7b88000 	C:\WINDOWS\System32\PSAPI.DLL
0x00007ffbc38d0000 - 0x00007ffbc3903000 	C:\WINDOWS\SYSTEM32\IPHLPAPI.DLL
0x00007ffbc70a0000 - 0x00007ffbc70aa000 	C:\WINDOWS\System32\NSI.dll
0x00007ffba9670000 - 0x00007ffba9679000 	C:\Program Files\Eclipse Adoptium\jdk-21.0.3.9-hotspot\bin\extnet.dll
0x00007ffbc4810000 - 0x00007ffbc482b000 	C:\WINDOWS\SYSTEM32\CRYPTSP.dll
0x00007ffbc3ea0000 - 0x00007ffbc3ed9000 	C:\WINDOWS\system32\rsaenh.dll
0x00007ffbc45d0000 - 0x00007ffbc4604000 	C:\WINDOWS\SYSTEM32\USERENV.dll
0x00007ffbc51a0000 - 0x00007ffbc51ca000 	C:\WINDOWS\SYSTEM32\bcrypt.dll
0x00007ffbc4830000 - 0x00007ffbc483c000 	C:\WINDOWS\SYSTEM32\CRYPTBASE.dll
0x00007ffba9660000 - 0x00007ffba966e000 	C:\Program Files\Eclipse Adoptium\jdk-21.0.3.9-hotspot\bin\sunmscapi.dll
0x00007ffbc5590000 - 0x00007ffbc570f000 	C:\WINDOWS\System32\CRYPT32.dll
0x00007ffbc4a70000 - 0x00007ffbc4aa0000 	C:\WINDOWS\SYSTEM32\ncrypt.dll
0x00007ffbc4a20000 - 0x00007ffbc4a5f000 	C:\WINDOWS\SYSTEM32\NTASN1.dll
0x00007ffba0980000 - 0x00007ffba0988000 	C:\WINDOWS\system32\wshunix.dll
0x00007ffbc4090000 - 0x00007ffbc40c6000 	C:\WINDOWS\SYSTEM32\ntmarta.dll
0x00007ffbc39c0000 - 0x00007ffbc3b18000 	C:\WINDOWS\SYSTEM32\DNSAPI.dll
0x00007ffbc4300000 - 0x00007ffbc430d000 	C:\WINDOWS\SYSTEM32\DSPARSE.dll
0x00007ffbbdac0000 - 0x00007ffbbdacb000 	C:\Windows\System32\rasadhlp.dll
0x00007ffbb9040000 - 0x00007ffbb90c6000 	C:\WINDOWS\System32\fwpuclnt.dll

dbghelp: loaded successfully - version: 4.0.5 - missing functions: none
symbol engine: initialized successfully - sym options: 0x614 - pdb path: .;C:\Program Files\Eclipse Adoptium\jdk-21.0.3.9-hotspot\bin;C:\WINDOWS\SYSTEM32;C:\WINDOWS\WinSxS\amd64_microsoft.windows.common-controls_6595b64144ccf1df_6.0.26100.9549_none_3e0a0396e3330090;C:\Program Files\Eclipse Adoptium\jdk-21.0.3.9-hotspot\bin\server;D:\GradleCache\native\1def1411415f61bf3af743bc5b6707747c0891f09f0c88961ee8f79bc544acac\windows-amd64;D:\GradleCache\native\0.2.7\x86_64-windows-gnu

VM Arguments:
jvm_args: --add-opens=java.base/java.lang=ALL-UNNAMED --add-opens=java.base/java.lang.invoke=ALL-UNNAMED --add-opens=java.base/java.util=ALL-UNNAMED --add-opens=java.prefs/java.util.prefs=ALL-UNNAMED --add-exports=jdk.compiler/com.sun.tools.javac.api=ALL-UNNAMED --add-exports=jdk.compiler/com.sun.tools.javac.util=ALL-UNNAMED --add-opens=java.base/java.util=ALL-UNNAMED --add-opens=java.prefs/java.util.prefs=ALL-UNNAMED --add-opens=java.base/java.nio.charset=ALL-UNNAMED --add-opens=java.base/java.net=ALL-UNNAMED --add-opens=java.base/java.util.concurrent.atomic=ALL-UNNAMED --add-opens=java.xml/javax.xml.namespace=ALL-UNNAMED -Xmx1536m -Dfile.encoding=UTF-8 -Duser.country=US -Duser.language=en -Duser.variant -javaagent:D:\GradleCache\wrapper\dists\gradle-8.14.3-all\10utluxaxniiv4wxiphsi49nj\gradle-8.14.3\lib\agents\gradle-instrumentation-agent-8.14.3.jar 
java_command: org.gradle.launcher.daemon.bootstrap.GradleDaemon 8.14.3
java_class_path (initial): D:\GradleCache\wrapper\dists\gradle-8.14.3-all\10utluxaxniiv4wxiphsi49nj\gradle-8.14.3\lib\gradle-daemon-main-8.14.3.jar
Launcher Type: SUN_STANDARD

[Global flags]
     intx CICompilerCount                          = 4                                         {product} {ergonomic}
     uint ConcGCThreads                            = 3                                         {product} {ergonomic}
     uint G1ConcRefinementThreads                  = 10                                        {product} {ergonomic}
   size_t G1HeapRegionSize                         = 1048576                                   {product} {ergonomic}
    uintx GCDrainStackTargetSize                   = 64                                        {product} {ergonomic}
   size_t InitialHeapSize                          = 257949696                                 {product} {ergonomic}
   size_t MarkStackSize                            = 4194304                                   {product} {ergonomic}
   size_t MaxHeapSize                              = 1610612736                                {product} {command line}
   size_t MaxNewSize                               = 965738496                                 {product} {ergonomic}
   size_t MinHeapDeltaBytes                        = 1048576                                   {product} {ergonomic}
   size_t MinHeapSize                              = 8388608                                   {product} {ergonomic}
    uintx NonNMethodCodeHeapSize                   = 5839372                                {pd product} {ergonomic}
    uintx NonProfiledCodeHeapSize                  = 122909434                              {pd product} {ergonomic}
    uintx ProfiledCodeHeapSize                     = 122909434                              {pd product} {ergonomic}
    uintx ReservedCodeCacheSize                    = 251658240                              {pd product} {ergonomic}
     bool SegmentedCodeCache                       = true                                      {product} {ergonomic}
   size_t SoftMaxHeapSize                          = 1610612736                             {manageable} {ergonomic}
     bool UseCompressedOops                        = true                           {product lp64_product} {ergonomic}
     bool UseG1GC                                  = true                                      {product} {ergonomic}
     bool UseLargePagesIndividualAllocation        = false                                  {pd product} {ergonomic}

Logging:
Log output configuration:
 #0: stdout all=warning uptime,level,tags foldmultilines=false
 #1: stderr all=off uptime,level,tags foldmultilines=false

Environment Variables:
JAVA_HOME=C:\Program Files\Eclipse Adoptium\jdk-21.0.3.9-hotspot\
PATH=C:\Program Files (x86)\Microsoft SDKs\Azure\CLI2\wbin;C:\Program Files\Common Files\Oracle\Java\javapath;C:\Program Files (x86)\Common Files\Oracle\Java\java8path;C:\Program Files (x86)\Common Files\Oracle\Java\javapath;C:\Program Files\Eclipse Adoptium\jdk-21.0.3.9-hotspot\bin;C:\Program Files\NVIDIA GPU Computing Toolkit\CUDA\v12.0\bin;C:\Program Files\NVIDIA GPU Computing Toolkit\CUDA\v12.0\libnvvp;C:\Program Files (x86)\Common Files\Intel\Shared Libraries\redist\intel64\compiler;C:\windows\system32;C:\windows;C:\windows\System32\Wbem;C:\windows\System32\WindowsPowerShell\v1.0\;C:\windows\System32\OpenSSH\;C:\Program Files (x86)\NVIDIA Corporation\PhysX\Common;C:\WINDOWS\system32;C:\WINDOWS;C:\WINDOWS\System32\Wbem;C:\WINDOWS\System32\WindowsPowerShell\v1.0\;C:\WINDOWS\System32\OpenSSH\;C:\Program Files\NVIDIA Corporation\Nsight Compute 2022.4.1\;C:\MinGW\bin;D:\android studio 2\platform-tools;D:\android studio 2\emulator;C:\Program Files\NVIDIA Corporation\NVIDIA App\NvDLISR;C:\ProgramData\chocolatey\bin;C:\Program Files\dotnet\;D:\node js\;C:\Program Files\Docker\Docker\resources\bin;D:\Git\cmd;D:\Git\mingw64\bin;D:\Git\usr\bin;D:\Scripts\;C:\Users\Ashwani\AppData\Local\Programs\Python\Launcher\;C:\Users\Ashwani\AppData\Local\Programs\Python\Python311\Scripts\;C:\Users\Ashwani\AppData\Local\Programs\Python\Python311\;D:\python\Scripts\;C:\Program Files\MySQL\MySQL Shell 8.0\bin\;D:\;C:\Users\Ashwani\AppData\Local\Programs\Microsoft VS Code\bin;C:\Users\Ashwani\AppData\Local\Microsoft\WindowsApps;C:\Program Files\nodejs;C:\Users\Ashwani\AppData\Local\npm-cache\_logs\2025-02-14T21_18_58_255Z-debug-0.log;D:\android studio 2\platform-tools;C:\Users\Ashwani\AppData\Roaming\npm;D:\Antigravity\bin;D:\python\;C:\Users\Ashwani\AppData\Local\PowerToys\DSCModules\;C:\Users\Ashwani\AppData\Local\Programs\Antigravity IDE\bin;D:\Antigravity IDE\bin;D:\colmap-x64-windows-cuda
USERNAME=Ashwani
OS=Windows_NT
PROCESSOR_IDENTIFIER=AMD64 Family 25 Model 80 Stepping 0, AuthenticAMD
TMP=C:\Users\Ashwani\AppData\Local\Temp
TEMP=C:\Users\Ashwani\AppData\Local\Temp




Periodic native trim disabled

---------------  S Y S T E M  ---------------

OS:
 Windows 11 , 64 bit Build 26100 (10.0.26100.9549)
OS uptime: 0 days 3:26 hours
Hyper-V role detected

CPU: total 12 (initial active 12) (12 cores per cpu, 2 threads per core) family 25 model 80 stepping 0 microcode 0xa500014, cx8, cmov, fxsr, ht, mmx, 3dnowpref, sse, sse2, sse3, ssse3, sse4a, sse4.1, sse4.2, popcnt, lzcnt, tsc, tscinvbit, avx, avx2, aes, erms, clmul, bmi1, bmi2, adx, sha, fma, vzeroupper, clflush, clflushopt, hv, rdtscp, rdpid, fsrm, f16c, cet_ss
Processor Information for processor 0
  Max Mhz: 3301, Current Mhz: 3301, Mhz Limit: 3301
Processor Information for processor 1
  Max Mhz: 3301, Current Mhz: 3301, Mhz Limit: 3301
Processor Information for processor 2
  Max Mhz: 3301, Current Mhz: 3301, Mhz Limit: 3301
Processor Information for processor 3
  Max Mhz: 3301, Current Mhz: 3301, Mhz Limit: 3301
Processor Information for processor 4
  Max Mhz: 3301, Current Mhz: 3301, Mhz Limit: 3301
Processor Information for processor 5
  Max Mhz: 3301, Current Mhz: 3301, Mhz Limit: 3301
Processor Information for processor 6
  Max Mhz: 3301, Current Mhz: 3301, Mhz Limit: 3301
Processor Information for processor 7
  Max Mhz: 3301, Current Mhz: 2011, Mhz Limit: 3301
Processor Information for processor 8
  Max Mhz: 3301, Current Mhz: 3301, Mhz Limit: 3301
Processor Information for processor 9
  Max Mhz: 3301, Current Mhz: 3301, Mhz Limit: 3301
Processor Information for processor 10
  Max Mhz: 3301, Current Mhz: 3301, Mhz Limit: 3301
Processor Information for processor 11
  Max Mhz: 3301, Current Mhz: 3301, Mhz Limit: 3301

Memory: 4k page, system-wide physical 15713M (1748M free)
TotalPageFile size 19809M (AvailPageFile size 7M)
current process WorkingSet (physical memory assigned to process): 383M, peak: 401M
current process commit charge ("private bytes"): 427M, peak: 449M

vm_info: OpenJDK 64-Bit Server VM (21.0.3+9-LTS) for windows-amd64 JRE (21.0.3+9-LTS), built on 2024-04-16T00:00:00Z by "admin" with MS VC++ 17.7 (VS2022)

END.
