#
# There is insufficient memory for the Java Runtime Environment to continue.
# Native memory allocation (malloc) failed to allocate 32744 bytes. Error detail: Chunk::new
# Possible reasons:
#   The system is out of physical RAM or swap space
#   This process is running with CompressedOops enabled, and the Java Heap may be blocking the growth of the native heap
# Possible solutions:
#   Reduce memory load on the system
#   Increase physical memory or swap space
#   Check if swap backing store is full
#   Decrease Java heap size (-Xmx/-Xms)
#   Decrease number of Java threads
#   Decrease Java thread stack sizes (-Xss)
#   Set larger code cache with -XX:ReservedCodeCacheSize=
#   JVM is running with Unscaled Compressed Oops mode in which the Java heap is
#     placed in the first 4GB address space. The Java Heap base address is the
#     maximum limit for the native heap growth. Please use -XX:HeapBaseMinAddress
#     to set the Java Heap base and to place the Java Heap above 4GB virtual address.
# This output file may be truncated or incomplete.
#
#  Out of Memory Error (arena.cpp:168), pid=8012, tid=9696
#
# JRE version: OpenJDK Runtime Environment Temurin-21.0.12.1+1 (21.0.12.1+1) (build 21.0.12.1+1-LTS)
# Java VM: OpenJDK 64-Bit Server VM Temurin-21.0.12.1+1 (21.0.12.1+1-LTS, mixed mode, sharing, tiered, compressed oops, compressed class ptrs, parallel gc, windows-amd64)
# No core dump will be written. Minidumps are not enabled by default on client versions of Windows
#

---------------  S U M M A R Y ------------

Command Line: --add-modules=ALL-SYSTEM --add-opens=java.base/java.util=ALL-UNNAMED --add-opens=java.base/java.lang=ALL-UNNAMED --add-opens=java.base/sun.nio.fs=ALL-UNNAMED -Declipse.application=org.eclipse.jdt.ls.core.id1 -Dosgi.bundles.defaultStartLevel=4 -Declipse.product=org.eclipse.jdt.ls.core.product -Djava.import.generatesMetadataFilesAtProjectRoot=false -Dm2e.project.cache.size=50 -DDetectVMInstallationsJob.disabled=true -Dfile.encoding=utf8 -XX:+UseParallelGC -XX:GCTimeRatio=4 -XX:AdaptiveSizePolicyWeight=90 -Dsun.zip.disableMemoryMapping=true -Xmx2G -Xms100m -Xlog:disable -javaagent:c:\Users\Ashwani\.antigravity-ide\extensions\redhat.java-1.56.0-win32-x64\lombok\lombok-1.18.39-4050.jar -XX:+HeapDumpOnOutOfMemoryError -XX:HeapDumpPath=c:\Users\Ashwani\AppData\Roaming\Antigravity IDE\User\workspaceStorage\58ff9d3a08850785fb418ac6948f1bd1\redhat.java -Daether.dependencyCollector.impl=bf c:\Users\Ashwani\.antigravity-ide\extensions\redhat.java-1.56.0-win32-x64\server\plugins\org.eclipse.equinox.launcher_1.8.0.v20260804-1928.jar -configuration c:\Users\Ashwani\AppData\Roaming\Antigravity IDE\User\globalStorage\redhat.java\1.56.0\config_win -data c:\Users\Ashwani\AppData\Roaming\Antigravity IDE\User\workspaceStorage\58ff9d3a08850785fb418ac6948f1bd1\redhat.java\jdt_ws --pipe=\\.\pipe\lsp-8fbcc08be4281e6092ccd61d9cd7f7a0-sock

Host: AMD Ryzen 5 5600H with Radeon Graphics         , 12 cores, 15G,  Windows 11 , 64 bit Build 26100 (10.0.26100.9549)
Time: Fri Oct  2 00:37:44 2026 India Standard Time elapsed time: 35.156447 seconds (0d 0h 0m 35s)

---------------  T H R E A D  ---------------

Current thread (0x000002682ec4ffe0):  JavaThread "C2 CompilerThread0" daemon [_thread_in_native, id=9696, stack(0x000000fe5d700000,0x000000fe5d800000) (1024K)]


Current CompileTask:
C2:35156 9149   !   4       java.io.ObjectInputStream::readSerialData (474 bytes)

Stack: [0x000000fe5d700000,0x000000fe5d800000]
Native frames: (J=compiled Java code, j=interpreted, Vv=VM code, C=native code)
V  [jvm.dll+0x6d83e9]
V  [jvm.dll+0x8b5736]
V  [jvm.dll+0x8b7cee]
V  [jvm.dll+0x8b83d3]
V  [jvm.dll+0x284596]
V  [jvm.dll+0xc685d]
V  [jvm.dll+0xc6da1]
V  [jvm.dll+0x665d63]
V  [jvm.dll+0x666dc6]
V  [jvm.dll+0x66510b]
V  [jvm.dll+0x24c57b]
V  [jvm.dll+0x24bce0]
V  [jvm.dll+0x1cb4ae]
V  [jvm.dll+0x25baad]
V  [jvm.dll+0x25a03a]
V  [jvm.dll+0x3f8aae]
V  [jvm.dll+0x8600cd]
V  [jvm.dll+0x6d6c1d]
C  [ucrtbase.dll+0x2cd30]
C  [KERNEL32.DLL+0x2cdf7]
C  [ntdll.dll+0x7ee4c]


---------------  P R O C E S S  ---------------

Threads class SMR info:
_java_thread_list=0x000002688dab6840, length=56, elements={
0x000002682eba2b90, 0x000002684564e5d0, 0x000002682ec476d0, 0x000002682ec49980,
0x000002682ec4c560, 0x000002682ec4a3e0, 0x000002682ec4b1a0, 0x000002682ec4ffe0,
0x00000268879fdbd0, 0x0000026887bd2e20, 0x0000026887d46eb0, 0x000002688d7c90c0,
0x000002688d7c7d10, 0x000002688d7c9750, 0x000002688d7ca470, 0x000002688d7c83a0,
0x000002688d7c9de0, 0x000002688d7c7680, 0x000002688d7c8a30, 0x000002688d7cab00,
0x000002688db887c0, 0x000002688db866f0, 0x000002688db894e0, 0x000002688db8a200,
0x000002688db86d80, 0x000002688db8a890, 0x000002688db8b5b0, 0x000002688db88130,
0x000002688db8dd10, 0x000002688db8bc40, 0x000002688db8c2d0, 0x000002688db8c960,
0x000002688db8cff0, 0x000002688db8d680, 0x000002688dcf7a80, 0x000002688dcf73f0,
0x000002688dcf87a0, 0x000002688dcf8e30, 0x000002688dcf6d60, 0x000002688dcf66d0,
0x000002688dcf6040, 0x000002688dcf94c0, 0x000002688dcf8110, 0x00000268904b66b0,
0x00000268904b6d40, 0x00000268904b5990, 0x00000268904b8e10, 0x00000268904b8780,
0x00000268904b6020, 0x00000268904ba850, 0x00000268904bbc00, 0x00000268904bb570,
0x00000268904ba1c0, 0x00000268904baee0, 0x0000026890de8920, 0x0000026890deb200
}

Java Threads: ( => current thread )
  0x000002682eba2b90 JavaThread "main"                              [_thread_blocked, id=1188, stack(0x000000fe5cd00000,0x000000fe5ce00000) (1024K)]
  0x000002684564e5d0 JavaThread "Reference Handler"          daemon [_thread_blocked, id=14940, stack(0x000000fe5d100000,0x000000fe5d200000) (1024K)]
  0x000002682ec476d0 JavaThread "Finalizer"                  daemon [_thread_blocked, id=22344, stack(0x000000fe5d200000,0x000000fe5d300000) (1024K)]
  0x000002682ec49980 JavaThread "Signal Dispatcher"          daemon [_thread_blocked, id=7892, stack(0x000000fe5d300000,0x000000fe5d400000) (1024K)]
  0x000002682ec4c560 JavaThread "Attach Listener"            daemon [_thread_blocked, id=13012, stack(0x000000fe5d400000,0x000000fe5d500000) (1024K)]
  0x000002682ec4a3e0 JavaThread "Service Thread"             daemon [_thread_blocked, id=18168, stack(0x000000fe5d500000,0x000000fe5d600000) (1024K)]
  0x000002682ec4b1a0 JavaThread "Monitor Deflation Thread"   daemon [_thread_blocked, id=12184, stack(0x000000fe5d600000,0x000000fe5d700000) (1024K)]
=>0x000002682ec4ffe0 JavaThread "C2 CompilerThread0"         daemon [_thread_in_native, id=9696, stack(0x000000fe5d700000,0x000000fe5d800000) (1024K)]
  0x00000268879fdbd0 JavaThread "C1 CompilerThread0"         daemon [_thread_blocked, id=21772, stack(0x000000fe5d800000,0x000000fe5d900000) (1024K)]
  0x0000026887bd2e20 JavaThread "Common-Cleaner"             daemon [_thread_blocked, id=4212, stack(0x000000fe5d900000,0x000000fe5da00000) (1024K)]
  0x0000026887d46eb0 JavaThread "Notification Thread"        daemon [_thread_blocked, id=19056, stack(0x000000fe5da00000,0x000000fe5db00000) (1024K)]
  0x000002688d7c90c0 JavaThread "Active Thread: Equinox Container: 894b6db5-fb5a-4806-abe5-ba292c4a3a44"        [_thread_blocked, id=12312, stack(0x000000fe5dc00000,0x000000fe5dd00000) (1024K)]
  0x000002688d7c7d10 JavaThread "Refresh Thread: Equinox Container: 894b6db5-fb5a-4806-abe5-ba292c4a3a44" daemon [_thread_blocked, id=18108, stack(0x000000fe5e300000,0x000000fe5e400000) (1024K)]
  0x000002688d7c9750 JavaThread "Framework Event Dispatcher: Equinox Container: 894b6db5-fb5a-4806-abe5-ba292c4a3a44" daemon [_thread_blocked, id=22220, stack(0x000000fe5e400000,0x000000fe5e500000) (1024K)]
  0x000002688d7ca470 JavaThread "Start Level: Equinox Container: 894b6db5-fb5a-4806-abe5-ba292c4a3a44" daemon [_thread_blocked, id=11148, stack(0x000000fe5e500000,0x000000fe5e600000) (1024K)]
  0x000002688d7c83a0 JavaThread "Bundle File Closer"         daemon [_thread_blocked, id=11516, stack(0x000000fe5e900000,0x000000fe5ea00000) (1024K)]
  0x000002688d7c9de0 JavaThread "SCR Component Actor"        daemon [_thread_blocked, id=20584, stack(0x000000fe5e600000,0x000000fe5e700000) (1024K)]
  0x000002688d7c7680 JavaThread "Worker-JM"                         [_thread_blocked, id=10408, stack(0x000000fe5ea00000,0x000000fe5eb00000) (1024K)]
  0x000002688d7c8a30 JavaThread "JNA Cleaner"                daemon [_thread_blocked, id=14332, stack(0x000000fe5eb00000,0x000000fe5ec00000) (1024K)]
  0x000002688d7cab00 JavaThread "Worker-0"                          [_thread_blocked, id=5536, stack(0x000000fe5ec00000,0x000000fe5ed00000) (1024K)]
  0x000002688db887c0 JavaThread "Worker-1: Refreshing workspace"        [_thread_blocked, id=1512, stack(0x000000fe5ee00000,0x000000fe5ef00000) (1024K)]
  0x000002688db866f0 JavaThread "Worker-2: Java indexing... "        [_thread_blocked, id=6956, stack(0x000000fe5ed00000,0x000000fe5ee00000) (1024K)]
  0x000002688db894e0 JavaThread "Worker-3: Initialize Workspace"        [_thread_blocked, id=14904, stack(0x000000fe5ef00000,0x000000fe5f000000) (1024K)]
  0x000002688db8a200 JavaThread "Worker-4"                          [_thread_blocked, id=24124, stack(0x000000fe5f200000,0x000000fe5f300000) (1024K)]
  0x000002688db86d80 JavaThread "Java indexing"              daemon [_thread_in_native, id=21400, stack(0x000000fe5f300000,0x000000fe5f400000) (1024K)]
  0x000002688db8a890 JavaThread "Worker-5"                          [_thread_blocked, id=10584, stack(0x000000fe5f600000,0x000000fe5f700000) (1024K)]
  0x000002688db8b5b0 JavaThread "Worker-6: Synchronize Gradle projects with workspace"        [_thread_blocked, id=5212, stack(0x000000fe5f700000,0x000000fe5f800000) (1024K)]
  0x000002688db88130 JavaThread "Thread-1"                   daemon [_thread_in_native, id=16456, stack(0x000000fe5f800000,0x000000fe5f900000) (1024K)]
  0x000002688db8dd10 JavaThread "Thread-2"                   daemon [_thread_in_native, id=23812, stack(0x000000fe5f900000,0x000000fe5fa00000) (1024K)]
  0x000002688db8bc40 JavaThread "Thread-3"                   daemon [_thread_in_native, id=17400, stack(0x000000fe5fa00000,0x000000fe5fb00000) (1024K)]
  0x000002688db8c2d0 JavaThread "Thread-4"                   daemon [_thread_in_native, id=22496, stack(0x000000fe5fb00000,0x000000fe5fc00000) (1024K)]
  0x000002688db8c960 JavaThread "Thread-5"                   daemon [_thread_in_native, id=23412, stack(0x000000fe5fc00000,0x000000fe5fd00000) (1024K)]
  0x000002688db8cff0 JavaThread "Thread-6"                   daemon [_thread_in_native, id=5372, stack(0x000000fe5fd00000,0x000000fe5fe00000) (1024K)]
  0x000002688db8d680 JavaThread "Thread-7"                   daemon [_thread_in_native, id=19356, stack(0x000000fe5fe00000,0x000000fe5ff00000) (1024K)]
  0x000002688dcf7a80 JavaThread "Thread-8"                   daemon [_thread_in_native, id=22608, stack(0x000000fe5ff00000,0x000000fe60000000) (1024K)]
  0x000002688dcf73f0 JavaThread "Thread-9"                   daemon [_thread_in_native, id=20744, stack(0x000000fe60000000,0x000000fe60100000) (1024K)]
  0x000002688dcf87a0 JavaThread "Thread-10"                  daemon [_thread_in_native, id=14476, stack(0x000000fe60100000,0x000000fe60200000) (1024K)]
  0x000002688dcf8e30 JavaThread "Thread-11"                  daemon [_thread_in_native, id=4044, stack(0x000000fe60200000,0x000000fe60300000) (1024K)]
  0x000002688dcf6d60 JavaThread "Thread-12"                  daemon [_thread_in_native, id=416, stack(0x000000fe60300000,0x000000fe60400000) (1024K)]
  0x000002688dcf66d0 JavaThread "Thread-13"                  daemon [_thread_in_native, id=21528, stack(0x000000fe60400000,0x000000fe60500000) (1024K)]
  0x000002688dcf6040 JavaThread "pool-2-thread-1"                   [_thread_blocked, id=22948, stack(0x000000fe60500000,0x000000fe60600000) (1024K)]
  0x000002688dcf94c0 JavaThread "Timer-0"                           [_thread_blocked, id=10548, stack(0x000000fe60600000,0x000000fe60700000) (1024K)]
  0x000002688dcf8110 JavaThread "Timer-1"                           [_thread_blocked, id=18264, stack(0x000000fe60700000,0x000000fe60800000) (1024K)]
  0x00000268904b66b0 JavaThread "WorkspaceEventsHandler"            [_thread_blocked, id=3788, stack(0x000000fe60800000,0x000000fe60900000) (1024K)]
  0x00000268904b6d40 JavaThread "pool-1-thread-1"                   [_thread_blocked, id=2124, stack(0x000000fe60900000,0x000000fe60a00000) (1024K)]
  0x00000268904b5990 JavaThread "Timer-2"                           [_thread_blocked, id=23008, stack(0x000000fe60a00000,0x000000fe60b00000) (1024K)]
  0x00000268904b8e10 JavaThread "ProjectImportProgressReporter" daemon [_thread_blocked, id=21072, stack(0x000000fe60b00000,0x000000fe60c00000) (1024K)]
  0x00000268904b8780 JavaThread "Timer-3"                           [_thread_blocked, id=22492, stack(0x000000fe60c00000,0x000000fe60d00000) (1024K)]
  0x00000268904b6020 JavaThread "Timer-4"                           [_thread_blocked, id=21140, stack(0x000000fe60d00000,0x000000fe60e00000) (1024K)]
  0x00000268904ba850 JavaThread "Timer-5"                           [_thread_blocked, id=16136, stack(0x000000fe60e00000,0x000000fe60f00000) (1024K)]
  0x00000268904bbc00 JavaThread "Timer-6"                           [_thread_blocked, id=19212, stack(0x000000fe5f100000,0x000000fe5f200000) (1024K)]
  0x00000268904bb570 JavaThread "Timer-7"                           [_thread_blocked, id=10760, stack(0x000000fe60f00000,0x000000fe61000000) (1024K)]
  0x00000268904ba1c0 JavaThread "Connection worker"                 [_thread_in_Java, id=10496, stack(0x000000fe61000000,0x000000fe61100000) (1024K)]
  0x00000268904baee0 JavaThread "pool-3-thread-1"                   [_thread_blocked, id=15900, stack(0x000000fe5f000000,0x000000fe5f100000) (1024K)]
  0x0000026890de8920 JavaThread "C2 CompilerThread1"         daemon [_thread_in_native, id=14524, stack(0x000000fe61200000,0x000000fe61300000) (1024K)]
  0x0000026890deb200 JavaThread "C2 CompilerThread2"         daemon [_thread_in_native, id=13364, stack(0x000000fe61300000,0x000000fe61400000) (1024K)]
Total: 56

Other Threads:
  0x00000268456375e0 VMThread "VM Thread"                           [id=10460, stack(0x000000fe5d000000,0x000000fe5d100000) (1024K)]
  0x000002684552ca00 WatcherThread "VM Periodic Task Thread"        [id=21872, stack(0x000000fe5cf00000,0x000000fe5d000000) (1024K)]
  0x000002682ebc3aa0 WorkerThread "GC Thread#0"                     [id=22356, stack(0x000000fe5ce00000,0x000000fe5cf00000) (1024K)]
  0x0000026887d07ab0 WorkerThread "GC Thread#1"                     [id=23260, stack(0x000000fe5dd00000,0x000000fe5de00000) (1024K)]
  0x0000026887d07e60 WorkerThread "GC Thread#2"                     [id=7160, stack(0x000000fe5de00000,0x000000fe5df00000) (1024K)]
  0x0000026887d08210 WorkerThread "GC Thread#3"                     [id=14440, stack(0x000000fe5df00000,0x000000fe5e000000) (1024K)]
  0x000002688d69ffd0 WorkerThread "GC Thread#4"                     [id=14324, stack(0x000000fe5e000000,0x000000fe5e100000) (1024K)]
  0x000002688d6a0380 WorkerThread "GC Thread#5"                     [id=2436, stack(0x000000fe5e100000,0x000000fe5e200000) (1024K)]
  0x000002688d6a0730 WorkerThread "GC Thread#6"                     [id=17208, stack(0x000000fe5e200000,0x000000fe5e300000) (1024K)]
  0x000002688d60ef90 WorkerThread "GC Thread#7"                     [id=24316, stack(0x000000fe5db00000,0x000000fe5dc00000) (1024K)]
  0x000002688d60f6f0 WorkerThread "GC Thread#8"                     [id=6496, stack(0x000000fe5e700000,0x000000fe5e800000) (1024K)]
  0x000002688d60e0d0 WorkerThread "GC Thread#9"                     [id=2612, stack(0x000000fe5e800000,0x000000fe5e900000) (1024K)]
Total: 12

Threads with active compile tasks:
C2 CompilerThread0  35240 9149   !   4       java.io.ObjectInputStream::readSerialData (474 bytes)
C2 CompilerThread1  35240 9125       4       java.io.ObjectInputStream::readClassDesc (121 bytes)
C2 CompilerThread2  35240 9197       4       org.eclipse.jdt.internal.core.index.DiskIndex::writeCategoryTable (252 bytes)
Total: 3

VM state: not at safepoint (normal execution)

VM Mutex/Monitor currently owned by a thread: None

Heap address: 0x0000000080000000, size: 2048 MB, Compressed Oops mode: 32-bit

CDS archive(s) mapped at: [0x0000026846000000-0x0000026846ba0000-0x0000026846ba0000), size 12189696, SharedBaseAddress: 0x0000026846000000, ArchiveRelocationMode: 1.
Compressed class space mapped at: 0x0000026847000000-0x0000026887000000, reserved size: 1073741824
Narrow klass base: 0x0000026846000000, Narrow klass shift: 0, Narrow klass range: 0x100000000

GC Precious Log:
 CardTable entry size: 512
 CPUs: 12 total, 12 available
 Memory: 15713M
 Large Page Support: Disabled
 NUMA Support: Disabled
 Compressed Oops: Enabled (32-bit)
 Alignments: Space 512K, Generation 512K, Heap 2M
 Heap Min Capacity: 100M
 Heap Initial Capacity: 100M
 Heap Max Capacity: 2G
 Pre-touch: Disabled
 Parallel Workers: 10

Heap:
 PSYoungGen      total 2048K, used 914K [0x00000000d5580000, 0x00000000d5800000, 0x0000000100000000)
  eden space 1536K, 47% used [0x00000000d5580000,0x00000000d56348a0,0x00000000d5700000)
  from space 512K, 37% used [0x00000000d5780000,0x00000000d57b0000,0x00000000d5800000)
  to   space 512K, 0% used [0x00000000d5700000,0x00000000d5700000,0x00000000d5780000)
 ParOldGen       total 421376K, used 420975K [0x0000000080000000, 0x0000000099b80000, 0x00000000d5580000)
  object space 421376K, 99% used [0x0000000080000000,0x0000000099b1bfe8,0x0000000099b80000)
 Metaspace       used 66513K, committed 67968K, reserved 1114112K
  class space    used 8303K, committed 8960K, reserved 1048576K

Card table byte_map: [0x000002682e540000,0x000002682e950000] _byte_map_base: 0x000002682e140000

Marking Bits: (ParMarkBitMap*) 0x00007ffc5ba644a0
 Begin Bits: [0x0000026841050000, 0x0000026843050000)
 End Bits:   [0x0000026843050000, 0x0000026845050000)

Polling page: 0x000002682ca40000

Metaspace:

Usage:
  Non-class:     56.85 MB used.
      Class:      8.11 MB used.
       Both:     64.95 MB used.

Virtual space:
  Non-class space:       64.00 MB reserved,      57.62 MB ( 90%) committed,  1 nodes.
      Class space:        1.00 GB reserved,       8.75 MB ( <1%) committed,  1 nodes.
             Both:        1.06 GB reserved,      66.38 MB (  6%) committed. 

Chunk freelists:
   Non-Class:  6.35 MB
       Class:  7.10 MB
        Both:  13.45 MB

MaxMetaspaceSize: unlimited
CompressedClassSpaceSize: 1.00 GB
Initial GC threshold: 21.00 MB
Current GC threshold: 97.31 MB
CDS: on
 - commit_granule_bytes: 65536.
 - commit_granule_words: 8192.
 - virtual_space_node_default_size: 8388608.
 - enlarge_chunks_in_place: 1.
 - use_allocation_guard: 0.


Internal statistics:

num_allocs_failed_limit: 9.
num_arena_births: 1286.
num_arena_deaths: 14.
num_vsnodes_births: 2.
num_vsnodes_deaths: 0.
num_space_committed: 1062.
num_space_uncommitted: 0.
num_chunks_returned_to_freelist: 23.
num_chunks_taken_from_freelist: 4343.
num_chunk_merges: 15.
num_chunk_splits: 2717.
num_chunks_enlarged: 1535.
num_inconsistent_stats: 0.

CodeHeap 'non-profiled nmethods': size=120000Kb used=7470Kb max_used=7470Kb free=112530Kb
 bounds [0x0000026839870000, 0x0000026839fc0000, 0x0000026840da0000]
CodeHeap 'profiled nmethods': size=120000Kb used=17368Kb max_used=17368Kb free=102631Kb
 bounds [0x0000026831da0000, 0x0000026832ea0000, 0x00000268392d0000]
CodeHeap 'non-nmethods': size=5760Kb used=1410Kb max_used=1483Kb free=4349Kb
 bounds [0x00000268392d0000, 0x0000026839540000, 0x0000026839870000]
CodeCache: size=245760Kb, used=26248Kb, max_used=26321Kb, free=219510Kb
 total_blobs=9028, nmethods=8310, adapters=624, full_count=0
Compilation: enabled, stopped_count=0, restarted_count=0

Compilation events (20 events):
Event: 35.067 Thread 0x00000268879fdbd0 9184       3       java.nio.Buffer$2::getBufferAddress (5 bytes)
Event: 35.067 Thread 0x00000268879fdbd0 nmethod 9184 0x0000026832e8a590 code [0x0000026832e8a720, 0x0000026832e8a838]
Event: 35.067 Thread 0x00000268879fdbd0 9185   !   3       sun.nio.ch.IOUtil::releaseScope (23 bytes)
Event: 35.067 Thread 0x00000268879fdbd0 nmethod 9185 0x0000026832e8a910 code [0x0000026832e8ab20, 0x0000026832e8b180]
Event: 35.067 Thread 0x00000268879fdbd0 9186   !   3       java.nio.Buffer$2::releaseSession (28 bytes)
Event: 35.068 Thread 0x00000268879fdbd0 nmethod 9186 0x0000026832e8b490 code [0x0000026832e8b680, 0x0000026832e8bb78]
Event: 35.082 Thread 0x00000268879fdbd0 9187       3       com.esotericsoftware.kryo.io.Input::optional (179 bytes)
Event: 35.083 Thread 0x00000268879fdbd0 nmethod 9187 0x0000026832e8be10 code [0x0000026832e8c040, 0x0000026832e8c7a0]
Event: 35.083 Thread 0x00000268879fdbd0 9188       3       sun.nio.ch.WEPollSelectorImpl::processEvents (152 bytes)
Event: 35.084 Thread 0x00000268879fdbd0 nmethod 9188 0x0000026832e8c990 code [0x0000026832e8cc20, 0x0000026832e8d848]
Event: 35.084 Thread 0x00000268879fdbd0 9192   !   3       sun.nio.ch.WEPollSelectorImpl::processUpdateQueue (203 bytes)
Event: 35.085 Thread 0x00000268879fdbd0 nmethod 9192 0x0000026832e8dd90 code [0x0000026832e8e040, 0x0000026832e8efc0]
Event: 35.085 Thread 0x00000268879fdbd0 9189       3       sun.nio.ch.SocketDispatcher::read (8 bytes)
Event: 35.086 Thread 0x00000268879fdbd0 nmethod 9189 0x0000026832e8f690 code [0x0000026832e8f840, 0x0000026832e8f980]
Event: 35.086 Thread 0x00000268879fdbd0 9190       3       java.nio.MappedByteBuffer::flip (5 bytes)
Event: 35.086 Thread 0x00000268879fdbd0 nmethod 9190 0x0000026832e8fa10 code [0x0000026832e8fbc0, 0x0000026832e8fe00]
Event: 35.086 Thread 0x00000268879fdbd0 9193       3       java.nio.channels.spi.AbstractSelector::begin (48 bytes)
Event: 35.086 Thread 0x00000268879fdbd0 nmethod 9193 0x0000026832e8ff10 code [0x0000026832e90100, 0x0000026832e906d8]
Event: 35.101 Thread 0x00000268879fdbd0 9195       3       sun.nio.ch.IOUtil::read (12 bytes)
Event: 35.109 Thread 0x00000268879fdbd0 nmethod 9195 0x0000026832e90990 code [0x0000026832e90b40, 0x0000026832e90c70]

GC Heap History (20 events):
Event: 35.000 GC heap before
{Heap before GC invocations=461 (full 3):
 PSYoungGen      total 1536K, used 1184K [0x00000000d5580000, 0x00000000d5800000, 0x0000000100000000)
  eden space 1024K, 100% used [0x00000000d5580000,0x00000000d5680000,0x00000000d5680000)
  from space 512K, 31% used [0x00000000d5700000,0x00000000d5728000,0x00000000d5780000)
  to   space 512K, 0% used [0x00000000d5780000,0x00000000d5780000,0x00000000d5800000)
 ParOldGen       total 419328K, used 419063K [0x0000000080000000, 0x0000000099980000, 0x00000000d5580000)
  object space 419328K, 99% used [0x0000000080000000,0x000000009993dfe8,0x0000000099980000)
 Metaspace       used 66489K, committed 67968K, reserved 1114112K
  class space    used 8302K, committed 8960K, reserved 1048576K
}
Event: 35.001 GC heap after
{Heap after GC invocations=461 (full 3):
 PSYoungGen      total 1536K, used 96K [0x00000000d5580000, 0x00000000d5800000, 0x0000000100000000)
  eden space 1024K, 0% used [0x00000000d5580000,0x00000000d5580000,0x00000000d5680000)
  from space 512K, 18% used [0x00000000d5780000,0x00000000d5798000,0x00000000d5800000)
  to   space 512K, 0% used [0x00000000d5700000,0x00000000d5700000,0x00000000d5780000)
 ParOldGen       total 419328K, used 419063K [0x0000000080000000, 0x0000000099980000, 0x00000000d5580000)
  object space 419328K, 99% used [0x0000000080000000,0x000000009993dfe8,0x0000000099980000)
 Metaspace       used 66489K, committed 67968K, reserved 1114112K
  class space    used 8302K, committed 8960K, reserved 1048576K
}
Event: 35.009 GC heap before
{Heap before GC invocations=462 (full 3):
 PSYoungGen      total 1536K, used 1120K [0x00000000d5580000, 0x00000000d5800000, 0x0000000100000000)
  eden space 1024K, 100% used [0x00000000d5580000,0x00000000d5680000,0x00000000d5680000)
  from space 512K, 18% used [0x00000000d5780000,0x00000000d5798000,0x00000000d5800000)
  to   space 512K, 0% used [0x00000000d5700000,0x00000000d5700000,0x00000000d5780000)
 ParOldGen       total 419328K, used 419063K [0x0000000080000000, 0x0000000099980000, 0x00000000d5580000)
  object space 419328K, 99% used [0x0000000080000000,0x000000009993dfe8,0x0000000099980000)
 Metaspace       used 66490K, committed 67968K, reserved 1114112K
  class space    used 8302K, committed 8960K, reserved 1048576K
}
Event: 35.011 GC heap after
{Heap after GC invocations=462 (full 3):
 PSYoungGen      total 1536K, used 512K [0x00000000d5580000, 0x00000000d5880000, 0x0000000100000000)
  eden space 1024K, 0% used [0x00000000d5580000,0x00000000d5580000,0x00000000d5680000)
  from space 512K, 100% used [0x00000000d5700000,0x00000000d5780000,0x00000000d5780000)
  to   space 1024K, 0% used [0x00000000d5780000,0x00000000d5780000,0x00000000d5880000)
 ParOldGen       total 419328K, used 419063K [0x0000000080000000, 0x0000000099980000, 0x00000000d5580000)
  object space 419328K, 99% used [0x0000000080000000,0x000000009993dfe8,0x0000000099980000)
 Metaspace       used 66490K, committed 67968K, reserved 1114112K
  class space    used 8302K, committed 8960K, reserved 1048576K
}
Event: 35.023 GC heap before
{Heap before GC invocations=463 (full 3):
 PSYoungGen      total 1536K, used 1536K [0x00000000d5580000, 0x00000000d5880000, 0x0000000100000000)
  eden space 1024K, 100% used [0x00000000d5580000,0x00000000d5680000,0x00000000d5680000)
  from space 512K, 100% used [0x00000000d5700000,0x00000000d5780000,0x00000000d5780000)
  to   space 1024K, 0% used [0x00000000d5780000,0x00000000d5780000,0x00000000d5880000)
 ParOldGen       total 419328K, used 419063K [0x0000000080000000, 0x0000000099980000, 0x00000000d5580000)
  object space 419328K, 99% used [0x0000000080000000,0x000000009993dfe8,0x0000000099980000)
 Metaspace       used 66493K, committed 67968K, reserved 1114112K
  class space    used 8302K, committed 8960K, reserved 1048576K
}
Event: 35.024 GC heap after
{Heap after GC invocations=463 (full 3):
 PSYoungGen      total 1536K, used 160K [0x00000000d5580000, 0x00000000d5800000, 0x0000000100000000)
  eden space 1024K, 0% used [0x00000000d5580000,0x00000000d5580000,0x00000000d5680000)
  from space 512K, 31% used [0x00000000d5780000,0x00000000d57a8000,0x00000000d5800000)
  to   space 512K, 0% used [0x00000000d5700000,0x00000000d5700000,0x00000000d5780000)
 ParOldGen       total 419840K, used 419431K [0x0000000080000000, 0x0000000099a00000, 0x00000000d5580000)
  object space 419840K, 99% used [0x0000000080000000,0x0000000099999fe8,0x0000000099a00000)
 Metaspace       used 66493K, committed 67968K, reserved 1114112K
  class space    used 8302K, committed 8960K, reserved 1048576K
}
Event: 35.033 GC heap before
{Heap before GC invocations=464 (full 3):
 PSYoungGen      total 1536K, used 1183K [0x00000000d5580000, 0x00000000d5800000, 0x0000000100000000)
  eden space 1024K, 99% used [0x00000000d5580000,0x00000000d567ffe0,0x00000000d5680000)
  from space 512K, 31% used [0x00000000d5780000,0x00000000d57a8000,0x00000000d5800000)
  to   space 512K, 0% used [0x00000000d5700000,0x00000000d5700000,0x00000000d5780000)
 ParOldGen       total 419840K, used 419431K [0x0000000080000000, 0x0000000099a00000, 0x00000000d5580000)
  object space 419840K, 99% used [0x0000000080000000,0x0000000099999fe8,0x0000000099a00000)
 Metaspace       used 66493K, committed 67968K, reserved 1114112K
  class space    used 8302K, committed 8960K, reserved 1048576K
}
Event: 35.035 GC heap after
{Heap after GC invocations=464 (full 3):
 PSYoungGen      total 1536K, used 192K [0x00000000d5580000, 0x00000000d5800000, 0x0000000100000000)
  eden space 1024K, 0% used [0x00000000d5580000,0x00000000d5580000,0x00000000d5680000)
  from space 512K, 37% used [0x00000000d5700000,0x00000000d5730000,0x00000000d5780000)
  to   space 512K, 0% used [0x00000000d5780000,0x00000000d5780000,0x00000000d5800000)
 ParOldGen       total 419840K, used 419487K [0x0000000080000000, 0x0000000099a00000, 0x00000000d5580000)
  object space 419840K, 99% used [0x0000000080000000,0x00000000999a7fe8,0x0000000099a00000)
 Metaspace       used 66493K, committed 67968K, reserved 1114112K
  class space    used 8302K, committed 8960K, reserved 1048576K
}
Event: 35.071 GC heap before
{Heap before GC invocations=465 (full 3):
 PSYoungGen      total 1536K, used 1216K [0x00000000d5580000, 0x00000000d5800000, 0x0000000100000000)
  eden space 1024K, 100% used [0x00000000d5580000,0x00000000d5680000,0x00000000d5680000)
  from space 512K, 37% used [0x00000000d5700000,0x00000000d5730000,0x00000000d5780000)
  to   space 512K, 0% used [0x00000000d5780000,0x00000000d5780000,0x00000000d5800000)
 ParOldGen       total 419840K, used 419487K [0x0000000080000000, 0x0000000099a00000, 0x00000000d5580000)
  object space 419840K, 99% used [0x0000000080000000,0x00000000999a7fe8,0x0000000099a00000)
 Metaspace       used 66495K, committed 67968K, reserved 1114112K
  class space    used 8302K, committed 8960K, reserved 1048576K
}
Event: 35.072 GC heap after
{Heap after GC invocations=465 (full 3):
 PSYoungGen      total 1536K, used 288K [0x00000000d5580000, 0x00000000d5800000, 0x0000000100000000)
  eden space 1024K, 0% used [0x00000000d5580000,0x00000000d5580000,0x00000000d5680000)
  from space 512K, 56% used [0x00000000d5780000,0x00000000d57c8000,0x00000000d5800000)
  to   space 512K, 0% used [0x00000000d5700000,0x00000000d5700000,0x00000000d5780000)
 ParOldGen       total 419840K, used 419511K [0x0000000080000000, 0x0000000099a00000, 0x00000000d5580000)
  object space 419840K, 99% used [0x0000000080000000,0x00000000999adfe8,0x0000000099a00000)
 Metaspace       used 66495K, committed 67968K, reserved 1114112K
  class space    used 8302K, committed 8960K, reserved 1048576K
}
Event: 35.080 GC heap before
{Heap before GC invocations=466 (full 3):
 PSYoungGen      total 1536K, used 1312K [0x00000000d5580000, 0x00000000d5800000, 0x0000000100000000)
  eden space 1024K, 100% used [0x00000000d5580000,0x00000000d5680000,0x00000000d5680000)
  from space 512K, 56% used [0x00000000d5780000,0x00000000d57c8000,0x00000000d5800000)
  to   space 512K, 0% used [0x00000000d5700000,0x00000000d5700000,0x00000000d5780000)
 ParOldGen       total 419840K, used 419511K [0x0000000080000000, 0x0000000099a00000, 0x00000000d5580000)
  object space 419840K, 99% used [0x0000000080000000,0x00000000999adfe8,0x0000000099a00000)
 Metaspace       used 66495K, committed 67968K, reserved 1114112K
  class space    used 8302K, committed 8960K, reserved 1048576K
}
Event: 35.081 GC heap after
{Heap after GC invocations=466 (full 3):
 PSYoungGen      total 1536K, used 224K [0x00000000d5580000, 0x00000000d5800000, 0x0000000100000000)
  eden space 1024K, 0% used [0x00000000d5580000,0x00000000d5580000,0x00000000d5680000)
  from space 512K, 43% used [0x00000000d5700000,0x00000000d5738000,0x00000000d5780000)
  to   space 512K, 0% used [0x00000000d5780000,0x00000000d5780000,0x00000000d5800000)
 ParOldGen       total 419840K, used 419591K [0x0000000080000000, 0x0000000099a00000, 0x00000000d5580000)
  object space 419840K, 99% used [0x0000000080000000,0x00000000999c1fe8,0x0000000099a00000)
 Metaspace       used 66495K, committed 67968K, reserved 1114112K
  class space    used 8302K, committed 8960K, reserved 1048576K
}
Event: 35.090 GC heap before
{Heap before GC invocations=467 (full 3):
 PSYoungGen      total 1536K, used 1248K [0x00000000d5580000, 0x00000000d5800000, 0x0000000100000000)
  eden space 1024K, 100% used [0x00000000d5580000,0x00000000d5680000,0x00000000d5680000)
  from space 512K, 43% used [0x00000000d5700000,0x00000000d5738000,0x00000000d5780000)
  to   space 512K, 0% used [0x00000000d5780000,0x00000000d5780000,0x00000000d5800000)
 ParOldGen       total 419840K, used 419591K [0x0000000080000000, 0x0000000099a00000, 0x00000000d5580000)
  object space 419840K, 99% used [0x0000000080000000,0x00000000999c1fe8,0x0000000099a00000)
 Metaspace       used 66500K, committed 67968K, reserved 1114112K
  class space    used 8302K, committed 8960K, reserved 1048576K
}
Event: 35.092 GC heap after
{Heap after GC invocations=467 (full 3):
 PSYoungGen      total 1536K, used 160K [0x00000000d5580000, 0x00000000d5800000, 0x0000000100000000)
  eden space 1024K, 0% used [0x00000000d5580000,0x00000000d5580000,0x00000000d5680000)
  from space 512K, 31% used [0x00000000d5780000,0x00000000d57a8000,0x00000000d5800000)
  to   space 512K, 0% used [0x00000000d5700000,0x00000000d5700000,0x00000000d5780000)
 ParOldGen       total 419840K, used 419615K [0x0000000080000000, 0x0000000099a00000, 0x00000000d5580000)
  object space 419840K, 99% used [0x0000000080000000,0x00000000999c7fe8,0x0000000099a00000)
 Metaspace       used 66500K, committed 67968K, reserved 1114112K
  class space    used 8302K, committed 8960K, reserved 1048576K
}
Event: 35.107 GC heap before
{Heap before GC invocations=468 (full 3):
 PSYoungGen      total 1536K, used 1184K [0x00000000d5580000, 0x00000000d5800000, 0x0000000100000000)
  eden space 1024K, 100% used [0x00000000d5580000,0x00000000d5680000,0x00000000d5680000)
  from space 512K, 31% used [0x00000000d5780000,0x00000000d57a8000,0x00000000d5800000)
  to   space 512K, 0% used [0x00000000d5700000,0x00000000d5700000,0x00000000d5780000)
 ParOldGen       total 419840K, used 419615K [0x0000000080000000, 0x0000000099a00000, 0x00000000d5580000)
  object space 419840K, 99% used [0x0000000080000000,0x00000000999c7fe8,0x0000000099a00000)
 Metaspace       used 66501K, committed 67968K, reserved 1114112K
  class space    used 8302K, committed 8960K, reserved 1048576K
}
Event: 35.109 GC heap after
{Heap after GC invocations=468 (full 3):
 PSYoungGen      total 1536K, used 128K [0x00000000d5580000, 0x00000000d5800000, 0x0000000100000000)
  eden space 1024K, 0% used [0x00000000d5580000,0x00000000d5580000,0x00000000d5680000)
  from space 512K, 25% used [0x00000000d5700000,0x00000000d5720000,0x00000000d5780000)
  to   space 512K, 0% used [0x00000000d5780000,0x00000000d5780000,0x00000000d5800000)
 ParOldGen       total 419840K, used 419623K [0x0000000080000000, 0x0000000099a00000, 0x00000000d5580000)
  object space 419840K, 99% used [0x0000000080000000,0x00000000999c9fe8,0x0000000099a00000)
 Metaspace       used 66501K, committed 67968K, reserved 1114112K
  class space    used 8302K, committed 8960K, reserved 1048576K
}
Event: 35.137 GC heap before
{Heap before GC invocations=469 (full 3):
 PSYoungGen      total 1536K, used 1152K [0x00000000d5580000, 0x00000000d5800000, 0x0000000100000000)
  eden space 1024K, 100% used [0x00000000d5580000,0x00000000d5680000,0x00000000d5680000)
  from space 512K, 25% used [0x00000000d5700000,0x00000000d5720000,0x00000000d5780000)
  to   space 512K, 0% used [0x00000000d5780000,0x00000000d5780000,0x00000000d5800000)
 ParOldGen       total 419840K, used 419623K [0x0000000080000000, 0x0000000099a00000, 0x00000000d5580000)
  object space 419840K, 99% used [0x0000000080000000,0x00000000999c9fe8,0x0000000099a00000)
 Metaspace       used 66501K, committed 67968K, reserved 1114112K
  class space    used 8302K, committed 8960K, reserved 1048576K
}
Event: 35.138 GC heap after
{Heap after GC invocations=469 (full 3):
 PSYoungGen      total 1536K, used 192K [0x00000000d5580000, 0x00000000d5800000, 0x0000000100000000)
  eden space 1024K, 0% used [0x00000000d5580000,0x00000000d5580000,0x00000000d5680000)
  from space 512K, 37% used [0x00000000d5780000,0x00000000d57b0000,0x00000000d5800000)
  to   space 512K, 0% used [0x00000000d5700000,0x00000000d5700000,0x00000000d5780000)
 ParOldGen       total 419840K, used 419639K [0x0000000080000000, 0x0000000099a00000, 0x00000000d5580000)
  object space 419840K, 99% used [0x0000000080000000,0x00000000999cdfe8,0x0000000099a00000)
 Metaspace       used 66501K, committed 67968K, reserved 1114112K
  class space    used 8302K, committed 8960K, reserved 1048576K
}
Event: 35.144 GC heap before
{Heap before GC invocations=470 (full 3):
 PSYoungGen      total 1536K, used 1216K [0x00000000d5580000, 0x00000000d5800000, 0x0000000100000000)
  eden space 1024K, 100% used [0x00000000d5580000,0x00000000d5680000,0x00000000d5680000)
  from space 512K, 37% used [0x00000000d5780000,0x00000000d57b0000,0x00000000d5800000)
  to   space 512K, 0% used [0x00000000d5700000,0x00000000d5700000,0x00000000d5780000)
 ParOldGen       total 419840K, used 419639K [0x0000000080000000, 0x0000000099a00000, 0x00000000d5580000)
  object space 419840K, 99% used [0x0000000080000000,0x00000000999cdfe8,0x0000000099a00000)
 Metaspace       used 66501K, committed 67968K, reserved 1114112K
  class space    used 8302K, committed 8960K, reserved 1048576K
}
Event: 35.147 GC heap after
{Heap after GC invocations=470 (full 3):
 PSYoungGen      total 1536K, used 512K [0x00000000d5580000, 0x00000000d5880000, 0x0000000100000000)
  eden space 1024K, 0% used [0x00000000d5580000,0x00000000d5580000,0x00000000d5680000)
  from space 512K, 100% used [0x00000000d5700000,0x00000000d5780000,0x00000000d5780000)
  to   space 1024K, 0% used [0x00000000d5780000,0x00000000d5780000,0x00000000d5880000)
 ParOldGen       total 419840K, used 419671K [0x0000000080000000, 0x0000000099a00000, 0x00000000d5580000)
  object space 419840K, 99% used [0x0000000080000000,0x00000000999d5fe8,0x0000000099a00000)
 Metaspace       used 66501K, committed 67968K, reserved 1114112K
  class space    used 8302K, committed 8960K, reserved 1048576K
}

Dll operation events (20 events):
Event: 0.205 Attempting to load shared library C:\Users\Ashwani\.antigravity-ide\extensions\redhat.java-1.56.0-win32-x64\jre\21.0.12.1-win32-x86_64\bin\zip.dll
Event: 0.205 Loaded shared library C:\Users\Ashwani\.antigravity-ide\extensions\redhat.java-1.56.0-win32-x64\jre\21.0.12.1-win32-x86_64\bin\zip.dll
Event: 0.232 Attempting to load shared library C:\Users\Ashwani\.antigravity-ide\extensions\redhat.java-1.56.0-win32-x64\jre\21.0.12.1-win32-x86_64\bin\jimage.dll
Event: 0.232 Loaded shared library C:\Users\Ashwani\.antigravity-ide\extensions\redhat.java-1.56.0-win32-x64\jre\21.0.12.1-win32-x86_64\bin\jimage.dll
Event: 0.377 Attempting to load shared library c:\Users\Ashwani\.antigravity-ide\extensions\redhat.java-1.56.0-win32-x64\jre\21.0.12.1-win32-x86_64\bin\verify.dll
Event: 0.377 Loaded shared library c:\Users\Ashwani\.antigravity-ide\extensions\redhat.java-1.56.0-win32-x64\jre\21.0.12.1-win32-x86_64\bin\verify.dll
Event: 2.732 Attempting to load shared library C:\Users\Ashwani\AppData\Roaming\Antigravity IDE\User\globalStorage\redhat.java\1.56.0\config_win\org.eclipse.equinox.launcher\org.eclipse.equinox.launcher.win32.win32.x86_64_1.3.100.v20260804-1928\eclipse_11924.dll
Event: 2.735 Loaded shared library C:\Users\Ashwani\AppData\Roaming\Antigravity IDE\User\globalStorage\redhat.java\1.56.0\config_win\org.eclipse.equinox.launcher\org.eclipse.equinox.launcher.win32.win32.x86_64_1.3.100.v20260804-1928\eclipse_11924.dll
Event: 8.887 Attempting to load shared library C:\Users\Ashwani\AppData\Local\Temp\jna-950237531\jna16856105336660792334.dll
Event: 8.971 Loaded shared library C:\Users\Ashwani\AppData\Local\Temp\jna-950237531\jna16856105336660792334.dll
Event: 15.488 Attempting to load shared library D:\GradleCache\native\1def1411415f61bf3af743bc5b6707747c0891f09f0c88961ee8f79bc544acac\windows-amd64\native-platform.dll
Event: 15.489 Loaded shared library D:\GradleCache\native\1def1411415f61bf3af743bc5b6707747c0891f09f0c88961ee8f79bc544acac\windows-amd64\native-platform.dll
Event: 17.834 Attempting to load shared library C:\Users\Ashwani\.antigravity-ide\extensions\redhat.java-1.56.0-win32-x64\jre\21.0.12.1-win32-x86_64\bin\management.dll
Event: 17.834 Loaded shared library C:\Users\Ashwani\.antigravity-ide\extensions\redhat.java-1.56.0-win32-x64\jre\21.0.12.1-win32-x86_64\bin\management.dll
Event: 17.839 Attempting to load shared library C:\Users\Ashwani\.antigravity-ide\extensions\redhat.java-1.56.0-win32-x64\jre\21.0.12.1-win32-x86_64\bin\management_ext.dll
Event: 17.840 Loaded shared library C:\Users\Ashwani\.antigravity-ide\extensions\redhat.java-1.56.0-win32-x64\jre\21.0.12.1-win32-x86_64\bin\management_ext.dll
Event: 33.145 Attempting to load shared library C:\Users\Ashwani\.antigravity-ide\extensions\redhat.java-1.56.0-win32-x64\jre\21.0.12.1-win32-x86_64\bin\extnet.dll
Event: 33.146 Loaded shared library C:\Users\Ashwani\.antigravity-ide\extensions\redhat.java-1.56.0-win32-x64\jre\21.0.12.1-win32-x86_64\bin\extnet.dll
Event: 33.613 Attempting to load shared library C:\Users\Ashwani\.antigravity-ide\extensions\redhat.java-1.56.0-win32-x64\jre\21.0.12.1-win32-x86_64\bin\sunmscapi.dll
Event: 33.617 Loaded shared library C:\Users\Ashwani\.antigravity-ide\extensions\redhat.java-1.56.0-win32-x64\jre\21.0.12.1-win32-x86_64\bin\sunmscapi.dll

Deoptimization events (20 events):
Event: 34.881 Thread 0x000002688db86d80 DEOPT PACKING pc=0x0000026839fa7b68 sp=0x000000fe5f3feb70
Event: 34.881 Thread 0x000002688db86d80 DEOPT UNPACKING pc=0x0000026839323aa2 sp=0x000000fe5f3feb48 mode 2
Event: 35.039 Thread 0x000002688db86d80 Uncommon trap: trap_request=0xffffff45 fr.pc=0x0000026839fb763c relative=0x000000000000135c
Event: 35.039 Thread 0x000002688db86d80 Uncommon trap: reason=unstable_if action=reinterpret pc=0x0000026839fb763c method=org.eclipse.jdt.internal.core.index.DiskIndex.writeStreamChars(Ljava/io/OutputStream;[CII)V @ 24 c2
Event: 35.039 Thread 0x000002688db86d80 DEOPT PACKING pc=0x0000026839fb763c sp=0x000000fe5f3feb70
Event: 35.039 Thread 0x000002688db86d80 DEOPT UNPACKING pc=0x0000026839323aa2 sp=0x000000fe5f3fea08 mode 2
Event: 35.040 Thread 0x000002688db86d80 Uncommon trap: trap_request=0xffffff45 fr.pc=0x0000026839f41c34 relative=0x00000000000003d4
Event: 35.040 Thread 0x000002688db86d80 Uncommon trap: reason=unstable_if action=reinterpret pc=0x0000026839f41c34 method=org.eclipse.jdt.internal.core.index.DiskIndex.writeStreamChars(Ljava/io/OutputStream;[CII)V @ 24 c2
Event: 35.040 Thread 0x000002688db86d80 DEOPT PACKING pc=0x0000026839f41c34 sp=0x000000fe5f3feb10
Event: 35.040 Thread 0x000002688db86d80 DEOPT UNPACKING pc=0x0000026839323aa2 sp=0x000000fe5f3fea00 mode 2
Event: 35.040 Thread 0x000002688db86d80 Uncommon trap: trap_request=0xffffff45 fr.pc=0x0000026839f414bc relative=0x000000000000029c
Event: 35.040 Thread 0x000002688db86d80 Uncommon trap: reason=unstable_if action=reinterpret pc=0x0000026839f414bc method=org.eclipse.jdt.internal.core.index.DiskIndex.writeStreamChars(Ljava/io/OutputStream;[CII)V @ 24 c2
Event: 35.040 Thread 0x000002688db86d80 DEOPT PACKING pc=0x0000026839f414bc sp=0x000000fe5f3fea60
Event: 35.040 Thread 0x000002688db86d80 DEOPT UNPACKING pc=0x0000026839323aa2 sp=0x000000fe5f3fea00 mode 2
Event: 35.042 Thread 0x000002688db86d80 Uncommon trap: trap_request=0xffffff45 fr.pc=0x0000026839fac830 relative=0x00000000000007f0
Event: 35.042 Thread 0x000002688db86d80 Uncommon trap: reason=unstable_if action=reinterpret pc=0x0000026839fac830 method=org.eclipse.jdt.internal.core.index.DiskIndex.writeStreamChars(Ljava/io/OutputStream;[CII)V @ 24 c2
Event: 35.042 Thread 0x000002688db86d80 DEOPT PACKING pc=0x0000026839fac830 sp=0x000000fe5f3feb60
Event: 35.042 Thread 0x000002688db86d80 DEOPT UNPACKING pc=0x0000026839323aa2 sp=0x000000fe5f3fea08 mode 2
Event: 35.137 Thread 0x000002688db86d80 DEOPT PACKING pc=0x0000026832e863ce sp=0x000000fe5f3feb30
Event: 35.137 Thread 0x000002688db86d80 DEOPT UNPACKING pc=0x0000026839324242 sp=0x000000fe5f3fe030 mode 0

Classes loaded (20 events):
Event: 33.642 Loading class java/nio/channels/spi/AbstractSelectionKey done
Event: 33.642 Loading class sun/nio/ch/SelectionKeyImpl done
Event: 33.642 Loading class java/lang/invoke/ConstantBootstraps
Event: 33.643 Loading class java/lang/invoke/ConstantBootstraps done
Event: 33.682 Loading class java/io/ObjectStreamClass$1
Event: 33.682 Loading class java/io/ObjectStreamClass$1 done
Event: 33.683 Loading class java/io/ObjectStreamClass$MemberSignature
Event: 33.683 Loading class java/io/ObjectStreamClass$MemberSignature done
Event: 33.683 Loading class java/io/ObjectStreamClass$3
Event: 33.683 Loading class java/io/ObjectStreamClass$3 done
Event: 33.683 Loading class java/io/ObjectStreamClass$4
Event: 33.683 Loading class java/io/ObjectStreamClass$4 done
Event: 33.683 Loading class java/io/ObjectStreamClass$5
Event: 33.684 Loading class java/io/ObjectStreamClass$5 done
Event: 33.700 Loading class java/nio/channels/spi/AbstractSelector$1
Event: 33.701 Loading class java/nio/channels/spi/AbstractSelector$1 done
Event: 33.718 Loading class java/util/concurrent/Executors$AutoShutdownDelegatedExecutorService
Event: 33.718 Loading class java/util/concurrent/Executors$AutoShutdownDelegatedExecutorService done
Event: 33.727 Loading class java/lang/UnsupportedClassVersionError
Event: 33.727 Loading class java/lang/UnsupportedClassVersionError done

Classes unloaded (7 events):
Event: 10.248 Thread 0x00000268456375e0 Unloading class 0x00000268471aac00 'java/lang/invoke/LambdaForm$MH+0x00000268471aac00'
Event: 10.248 Thread 0x00000268456375e0 Unloading class 0x00000268471aa800 'java/lang/invoke/LambdaForm$MH+0x00000268471aa800'
Event: 10.248 Thread 0x00000268456375e0 Unloading class 0x00000268471aa400 'java/lang/invoke/LambdaForm$MH+0x00000268471aa400'
Event: 10.248 Thread 0x00000268456375e0 Unloading class 0x00000268471aa000 'java/lang/invoke/LambdaForm$MH+0x00000268471aa000'
Event: 10.248 Thread 0x00000268456375e0 Unloading class 0x00000268471a9c00 'java/lang/invoke/LambdaForm$BMH+0x00000268471a9c00'
Event: 10.248 Thread 0x00000268456375e0 Unloading class 0x00000268471a9800 'java/lang/invoke/LambdaForm$DMH+0x00000268471a9800'
Event: 10.248 Thread 0x00000268456375e0 Unloading class 0x00000268471a8400 'java/lang/invoke/LambdaForm$DMH+0x00000268471a8400'

Classes redefined (0 events):
No events

Internal exceptions (20 events):
Event: 33.378 Thread 0x00000268904ba1c0 Exception <a 'java/lang/NoSuchMethodError'{0x00000000d55c85b0}: 'java.lang.Object java.lang.invoke.DirectMethodHandle$Holder.invokeVirtual(java.lang.Object, java.lang.Object, java.lang.Object, java.lang.Object, java.lang.Object, java.lang.Object, java.lang.Object, java.lang.Object, java.lang.Object, java.lang.Object)'> (0x00000000d55c85b0) 
thrown [s\src\hotspot\share\interpreter\linkResolver.cpp, line 773]
Event: 33.406 Thread 0x00000268904ba1c0 Exception <a 'java/lang/NoSuchMethodError'{0x00000000d5633ae8}: 'java.lang.Object java.lang.invoke.DirectMethodHandle$Holder.invokeVirtual(java.lang.Object, java.lang.Object, java.lang.Object, java.lang.Object, java.lang.Object, java.lang.Object, java.lang.Object, java.lang.Object, java.lang.Object)'> (0x00000000d5633ae8) 
thrown [s\src\hotspot\share\interpreter\linkResolver.cpp, line 773]
Event: 33.474 Thread 0x00000268904ba1c0 Exception <a 'java/lang/NoSuchMethodError'{0x00000000d55ae9a8}: 'long java.lang.invoke.DirectMethodHandle$Holder.invokeVirtual(java.lang.Object, java.lang.Object)'> (0x00000000d55ae9a8) 
thrown [s\src\hotspot\share\interpreter\linkResolver.cpp, line 773]
Event: 33.475 Thread 0x00000268904ba1c0 Exception <a 'java/lang/NoSuchMethodError'{0x00000000d55b6fa8}: 'long java.lang.invoke.DelegatingMethodHandle$Holder.reinvoke_L(java.lang.Object, java.lang.Object)'> (0x00000000d55b6fa8) 
thrown [s\src\hotspot\share\interpreter\linkResolver.cpp, line 773]
Event: 33.683 Thread 0x00000268904ba1c0 Implicit null exception at 0x0000026839f5df06 to 0x0000026839f5e814
Event: 33.683 Thread 0x00000268904ba1c0 Exception <a 'java/lang/NoSuchMethodError'{0x00000000d55c28e8}: static Lorg/gradle/tooling/internal/provider/serialization/ClassLoaderDetails;.<clinit>()V> (0x00000000d55c28e8) 
thrown [s\src\hotspot\share\prims\jni.cpp, line 1111]
Event: 33.685 Thread 0x00000268904ba1c0 Exception <a 'java/lang/NoSuchMethodError'{0x00000000d55ff9e0}: static Lorg/gradle/tooling/internal/provider/serialization/WellKnownClassLoaderRegistry$KnownClassLoaderSpec;.<clinit>()V> (0x00000000d55ff9e0) 
thrown [s\src\hotspot\share\prims\jni.cpp, line 1111]
Event: 33.686 Thread 0x00000268904ba1c0 Exception <a 'java/lang/NoSuchMethodError'{0x00000000d5604f48}: static Lorg/gradle/internal/classloader/ClassLoaderSpec;.<clinit>()V> (0x00000000d5604f48) 
thrown [s\src\hotspot\share\prims\jni.cpp, line 1111]
Event: 33.688 Thread 0x00000268904ba1c0 Exception <a 'java/lang/NoSuchMethodError'{0x00000000d5625970}: static Lorg/gradle/tooling/internal/provider/serialization/ClientOwnedClassLoaderSpec;.<clinit>()V> (0x00000000d5625970) 
thrown [s\src\hotspot\share\prims\jni.cpp, line 1111]
Event: 33.692 Thread 0x00000268904ba1c0 Exception <a 'java/lang/NoSuchMethodError'{0x00000000d566f5f8}: static [Ljava/lang/Object;.<clinit>()V> (0x00000000d566f5f8) 
thrown [s\src\hotspot\share\prims\jni.cpp, line 1111]
Event: 33.735 Thread 0x00000268904ba1c0 Exception <a 'java/lang/NoSuchMethodError'{0x00000000d5582548}: static Lorg/gradle/internal/build/event/types/AbstractProgressEvent;.<clinit>()V> (0x00000000d5582548) 
thrown [s\src\hotspot\share\prims\jni.cpp, line 1111]
Event: 33.737 Thread 0x00000268904ba1c0 Exception <a 'java/lang/NoSuchMethodError'{0x00000000d559dae0}: static Lorg/gradle/internal/build/event/types/DefaultOperationStartedProgressEvent;.<clinit>()V> (0x00000000d559dae0) 
thrown [s\src\hotspot\share\prims\jni.cpp, line 1111]
Event: 33.739 Thread 0x00000268904ba1c0 Exception <a 'java/lang/NoSuchMethodError'{0x00000000d55c34a0}: static Lorg/gradle/internal/build/event/types/DefaultOperationDescriptor;.<clinit>()V> (0x00000000d55c34a0) 
thrown [s\src\hotspot\share\prims\jni.cpp, line 1111]
Event: 33.740 Thread 0x00000268904ba1c0 Exception <a 'java/lang/NoSuchMethodError'{0x00000000d55d9ae0}: static Lorg/gradle/internal/operations/OperationIdentifier;.<clinit>()V> (0x00000000d55d9ae0) 
thrown [s\src\hotspot\share\prims\jni.cpp, line 1111]
Event: 33.814 Thread 0x00000268904ba1c0 Exception <a 'java/lang/NoSuchMethodError'{0x00000000d55ae5c8}: static Lorg/gradle/internal/build/event/types/DefaultOperationFinishedProgressEvent;.<clinit>()V> (0x00000000d55ae5c8) 
thrown [s\src\hotspot\share\prims\jni.cpp, line 1111]
Event: 33.816 Thread 0x00000268904ba1c0 Exception <a 'java/lang/NoSuchMethodError'{0x00000000d55ce078}: static Lorg/gradle/internal/build/event/types/AbstractResult;.<clinit>()V> (0x00000000d55ce078) 
thrown [s\src\hotspot\share\prims\jni.cpp, line 1111]
Event: 33.817 Thread 0x00000268904ba1c0 Exception <a 'java/lang/NoSuchMethodError'{0x00000000d55de878}: static Lorg/gradle/internal/build/event/types/AbstractOperationResult;.<clinit>()V> (0x00000000d55de878) 
thrown [s\src\hotspot\share\prims\jni.cpp, line 1111]
Event: 33.819 Thread 0x00000268904ba1c0 Exception <a 'java/lang/NoSuchMethodError'{0x00000000d55f3258}: static Lorg/gradle/internal/build/event/types/DefaultSuccessResult;.<clinit>()V> (0x00000000d55f3258) 
thrown [s\src\hotspot\share\prims\jni.cpp, line 1111]
Event: 34.215 Thread 0x00000268904ba1c0 Exception <a 'java/lang/NoSuchMethodError'{0x00000000d55f5100}: static Lorg/gradle/internal/build/event/types/DefaultBuildPhaseDescriptor;.<clinit>()V> (0x00000000d55f5100) 
thrown [s\src\hotspot\share\prims\jni.cpp, line 1111]
Event: 34.269 Thread 0x00000268904ba1c0 Exception <a 'java/lang/NoSuchMethodError'{0x00000000d5628a10}: static Lorg/gradle/internal/build/event/types/DefaultProjectConfigurationDescriptor;.<clinit>()V> (0x00000000d5628a10) 
thrown [s\src\hotspot\share\prims\jni.cpp, line 1111]

ZGC Phase Switch (0 events):
No events

VM Operations (20 events):
Event: 34.995 Executing safepoint VM operation: ParallelGCFailedAllocation (Allocation Failure)
Event: 35.002 Executing safepoint VM operation: ParallelGCFailedAllocation (Allocation Failure) done
Event: 35.009 Executing safepoint VM operation: ParallelGCFailedAllocation (Allocation Failure)
Event: 35.011 Executing safepoint VM operation: ParallelGCFailedAllocation (Allocation Failure) done
Event: 35.022 Executing safepoint VM operation: ParallelGCFailedAllocation (Allocation Failure)
Event: 35.024 Executing safepoint VM operation: ParallelGCFailedAllocation (Allocation Failure) done
Event: 35.033 Executing safepoint VM operation: ParallelGCFailedAllocation (Allocation Failure)
Event: 35.035 Executing safepoint VM operation: ParallelGCFailedAllocation (Allocation Failure) done
Event: 35.071 Executing safepoint VM operation: ParallelGCFailedAllocation (Allocation Failure)
Event: 35.072 Executing safepoint VM operation: ParallelGCFailedAllocation (Allocation Failure) done
Event: 35.080 Executing safepoint VM operation: ParallelGCFailedAllocation (Allocation Failure)
Event: 35.081 Executing safepoint VM operation: ParallelGCFailedAllocation (Allocation Failure) done
Event: 35.090 Executing safepoint VM operation: ParallelGCFailedAllocation (Allocation Failure)
Event: 35.093 Executing safepoint VM operation: ParallelGCFailedAllocation (Allocation Failure) done
Event: 35.101 Executing safepoint VM operation: ParallelGCFailedAllocation (Allocation Failure)
Event: 35.109 Executing safepoint VM operation: ParallelGCFailedAllocation (Allocation Failure) done
Event: 35.137 Executing safepoint VM operation: ParallelGCFailedAllocation (Allocation Failure)
Event: 35.138 Executing safepoint VM operation: ParallelGCFailedAllocation (Allocation Failure) done
Event: 35.144 Executing safepoint VM operation: ParallelGCFailedAllocation (Allocation Failure)
Event: 35.147 Executing safepoint VM operation: ParallelGCFailedAllocation (Allocation Failure) done

Memory protections (0 events):
No events

Nmethod flushes (20 events):
Event: 26.710 Thread 0x00000268456375e0 flushing  nmethod 0x00000268327b0490
Event: 26.710 Thread 0x00000268456375e0 flushing  nmethod 0x00000268327b0c10
Event: 26.710 Thread 0x00000268456375e0 flushing  nmethod 0x00000268327b1110
Event: 26.710 Thread 0x00000268456375e0 flushing  nmethod 0x00000268327e9110
Event: 26.710 Thread 0x00000268456375e0 flushing  nmethod 0x00000268327f2210
Event: 26.710 Thread 0x00000268456375e0 flushing  nmethod 0x00000268327f4c90
Event: 26.710 Thread 0x00000268456375e0 flushing  nmethod 0x00000268327f9210
Event: 26.710 Thread 0x00000268456375e0 flushing  nmethod 0x00000268327fa690
Event: 26.710 Thread 0x00000268456375e0 flushing  nmethod 0x00000268327fbe10
Event: 26.710 Thread 0x00000268456375e0 flushing  nmethod 0x00000268327fd790
Event: 26.710 Thread 0x00000268456375e0 flushing  nmethod 0x0000026832833710
Event: 26.710 Thread 0x00000268456375e0 flushing  nmethod 0x0000026832860c10
Event: 26.710 Thread 0x00000268456375e0 flushing  nmethod 0x0000026832861b90
Event: 26.710 Thread 0x00000268456375e0 flushing  nmethod 0x0000026832862190
Event: 26.710 Thread 0x00000268456375e0 flushing  nmethod 0x0000026832862a10
Event: 26.710 Thread 0x00000268456375e0 flushing  nmethod 0x0000026832863010
Event: 26.710 Thread 0x00000268456375e0 flushing  nmethod 0x0000026832863390
Event: 26.710 Thread 0x00000268456375e0 flushing  nmethod 0x000002683286c210
Event: 26.710 Thread 0x00000268456375e0 flushing  nmethod 0x00000268328b1590
Event: 26.710 Thread 0x00000268456375e0 flushing  nmethod 0x00000268328bf410

Events (20 events):
Event: 25.878 Thread 0x000002688db894e0 Thread added: 0x00000268904bbc00
Event: 25.882 Thread 0x000002688db894e0 Thread added: 0x00000268904b9b30
Event: 25.912 Thread 0x00000268904b9b30 Thread exited: 0x00000268904b9b30
Event: 25.913 Thread 0x000002688db894e0 Thread added: 0x00000268904bb570
Event: 25.927 Thread 0x000002688db894e0 Thread added: 0x00000268904ba1c0
Event: 28.516 Thread 0x00000268879fdbd0 Thread added: 0x0000026890de8920
Event: 29.454 Thread 0x0000026890de8920 Thread exited: 0x0000026890de8920
Event: 29.698 Thread 0x0000026890de9d90 Thread exited: 0x0000026890de9d90
Event: 31.698 Thread 0x000002682ec4ffe0 Thread added: 0x0000026890de9d90
Event: 31.698 Thread 0x000002682ec4ffe0 Thread added: 0x0000026890de8920
Event: 32.251 Thread 0x0000026890de8920 Thread exited: 0x0000026890de8920
Event: 32.251 Thread 0x0000026890de9d90 Thread exited: 0x0000026890de9d90
Event: 32.271 Thread 0x000002682ec4ffe0 Thread added: 0x0000026890de9d90
Event: 32.318 Thread 0x000002682ec4ffe0 Thread added: 0x0000026890deb200
Event: 32.959 Thread 0x0000026890deb200 Thread exited: 0x0000026890deb200
Event: 32.966 Thread 0x0000026890de9d90 Thread exited: 0x0000026890de9d90
Event: 33.497 Thread 0x00000268904ba1c0 Thread added: 0x00000268904baee0
Event: 34.265 Thread 0x00000268879fdbd0 Thread added: 0x0000026890de8920
Event: 34.492 Thread 0x0000026890de8920 Thread exited: 0x0000026890de8920
Event: 34.618 Thread 0x00000268879fdbd0 Thread added: 0x0000026890de8920


Dynamic libraries:
0x00007ff6f2cd0000 - 0x00007ff6f2cde000 	c:\Users\Ashwani\.antigravity-ide\extensions\redhat.java-1.56.0-win32-x64\jre\21.0.12.1-win32-x86_64\bin\java.exe
0x00007ffd80e00000 - 0x00007ffd81067000 	C:\WINDOWS\SYSTEM32\ntdll.dll
0x00007ffd801a0000 - 0x00007ffd8026b000 	C:\WINDOWS\System32\KERNEL32.DLL
0x00007ffd7e650000 - 0x00007ffd7ea51000 	C:\WINDOWS\System32\KERNELBASE.dll
0x00007ffd7e170000 - 0x00007ffd7e2bc000 	C:\WINDOWS\System32\ucrtbase.dll
0x00007ffd4f0b0000 - 0x00007ffd4f0c8000 	c:\Users\Ashwani\.antigravity-ide\extensions\redhat.java-1.56.0-win32-x64\jre\21.0.12.1-win32-x86_64\bin\jli.dll
0x00007ffd80270000 - 0x00007ffd80447000 	C:\WINDOWS\System32\USER32.dll
0x00007ffd7e2d0000 - 0x00007ffd7e2f7000 	C:\WINDOWS\System32\win32u.dll
0x00007ffd7f6b0000 - 0x00007ffd7f6db000 	C:\WINDOWS\System32\GDI32.dll
0x00007ffd7e390000 - 0x00007ffd7e4b8000 	C:\WINDOWS\System32\gdi32full.dll
0x00007ffd7e0c0000 - 0x00007ffd7e163000 	C:\WINDOWS\System32\msvcp_win.dll
0x00007ffd4f750000 - 0x00007ffd4f76e000 	c:\Users\Ashwani\.antigravity-ide\extensions\redhat.java-1.56.0-win32-x64\jre\21.0.12.1-win32-x86_64\bin\VCRUNTIME140.dll
0x00007ffd5e7e0000 - 0x00007ffd5ea70000 	C:\WINDOWS\WinSxS\amd64_microsoft.windows.common-controls_6595b64144ccf1df_6.0.26100.9549_none_3e0a0396e3330090\COMCTL32.dll
0x00007ffd7f9d0000 - 0x00007ffd7fa79000 	C:\WINDOWS\System32\msvcrt.dll
0x00007ffd7f6e0000 - 0x00007ffd7f711000 	C:\WINDOWS\System32\IMM32.DLL
0x00007ffd77240000 - 0x00007ffd7724c000 	c:\Users\Ashwani\.antigravity-ide\extensions\redhat.java-1.56.0-win32-x64\jre\21.0.12.1-win32-x86_64\bin\vcruntime140_1.dll
0x00007ffd4e930000 - 0x00007ffd4e9bd000 	c:\Users\Ashwani\.antigravity-ide\extensions\redhat.java-1.56.0-win32-x64\jre\21.0.12.1-win32-x86_64\bin\msvcp140.dll
0x00007ffc5ada0000 - 0x00007ffc5bb42000 	c:\Users\Ashwani\.antigravity-ide\extensions\redhat.java-1.56.0-win32-x64\jre\21.0.12.1-win32-x86_64\bin\server\jvm.dll
0x00007ffd7f910000 - 0x00007ffd7f9cb000 	C:\WINDOWS\System32\ADVAPI32.dll
0x00007ffd80c80000 - 0x00007ffd80d28000 	C:\WINDOWS\System32\sechost.dll
0x00007ffd7ff80000 - 0x00007ffd80098000 	C:\WINDOWS\System32\RPCRT4.dll
0x00007ffd80be0000 - 0x00007ffd80c61000 	C:\WINDOWS\System32\WS2_32.dll
0x00007ffd7de70000 - 0x00007ffd7dece000 	C:\WINDOWS\SYSTEM32\POWRPROF.dll
0x00007ffd74c70000 - 0x00007ffd74ca7000 	C:\WINDOWS\SYSTEM32\WINMM.dll
0x00007ffd7b740000 - 0x00007ffd7b74b000 	C:\WINDOWS\SYSTEM32\VERSION.dll
0x00007ffd7de50000 - 0x00007ffd7de65000 	C:\WINDOWS\SYSTEM32\UMPDC.dll
0x00007ffd7cc80000 - 0x00007ffd7cc9b000 	C:\WINDOWS\SYSTEM32\kernel.appcore.dll
0x00007ffd747e0000 - 0x00007ffd747ea000 	c:\Users\Ashwani\.antigravity-ide\extensions\redhat.java-1.56.0-win32-x64\jre\21.0.12.1-win32-x86_64\bin\jimage.dll
0x00007ffd70e90000 - 0x00007ffd710dc000 	C:\WINDOWS\SYSTEM32\DBGHELP.DLL
0x00007ffd7fbf0000 - 0x00007ffd7ff7a000 	C:\WINDOWS\System32\combase.dll
0x00007ffd7f5d0000 - 0x00007ffd7f6a9000 	C:\WINDOWS\System32\OLEAUT32.dll
0x00007ffd5e790000 - 0x00007ffd5e7cb000 	C:\WINDOWS\SYSTEM32\dbgcore.DLL
0x00007ffd7e000000 - 0x00007ffd7e0ac000 	C:\WINDOWS\System32\bcryptPrimitives.dll
0x00007ffd72100000 - 0x00007ffd7210f000 	c:\Users\Ashwani\.antigravity-ide\extensions\redhat.java-1.56.0-win32-x64\jre\21.0.12.1-win32-x86_64\bin\instrument.dll
0x00007ffd4e8e0000 - 0x00007ffd4e900000 	c:\Users\Ashwani\.antigravity-ide\extensions\redhat.java-1.56.0-win32-x64\jre\21.0.12.1-win32-x86_64\bin\java.dll
0x00007ffd7eb20000 - 0x00007ffd7f2bc000 	C:\WINDOWS\System32\SHELL32.dll
0x00007ffd7ba20000 - 0x00007ffd7c2cd000 	C:\WINDOWS\SYSTEM32\windows.storage.dll
0x00007ffd7f7a0000 - 0x00007ffd7f899000 	C:\WINDOWS\System32\SHCORE.dll
0x00007ffd7f8a0000 - 0x00007ffd7f906000 	C:\WINDOWS\System32\shlwapi.dll
0x00007ffd7df10000 - 0x00007ffd7df39000 	C:\WINDOWS\SYSTEM32\profapi.dll
0x00007ffd4e2d0000 - 0x00007ffd4e2e8000 	c:\Users\Ashwani\.antigravity-ide\extensions\redhat.java-1.56.0-win32-x64\jre\21.0.12.1-win32-x86_64\bin\zip.dll
0x00007ffd5c870000 - 0x00007ffd5c880000 	C:\Users\Ashwani\.antigravity-ide\extensions\redhat.java-1.56.0-win32-x64\jre\21.0.12.1-win32-x86_64\bin\net.dll
0x00007ffd75a00000 - 0x00007ffd75b2a000 	C:\WINDOWS\SYSTEM32\WINHTTP.dll
0x00007ffd7d260000 - 0x00007ffd7d2cc000 	C:\WINDOWS\system32\mswsock.dll
0x00007ffd4e2b0000 - 0x00007ffd4e2c6000 	C:\Users\Ashwani\.antigravity-ide\extensions\redhat.java-1.56.0-win32-x64\jre\21.0.12.1-win32-x86_64\bin\nio.dll
0x00007ffd5a3b0000 - 0x00007ffd5a3c0000 	c:\Users\Ashwani\.antigravity-ide\extensions\redhat.java-1.56.0-win32-x64\jre\21.0.12.1-win32-x86_64\bin\verify.dll
0x00007ffd78b50000 - 0x00007ffd78b95000 	C:\Users\Ashwani\AppData\Roaming\Antigravity IDE\User\globalStorage\redhat.java\1.56.0\config_win\org.eclipse.equinox.launcher\org.eclipse.equinox.launcher.win32.win32.x86_64_1.3.100.v20260804-1928\eclipse_11924.dll
0x00007ffd80a40000 - 0x00007ffd80bda000 	C:\WINDOWS\System32\ole32.dll
0x00007ffd7d550000 - 0x00007ffd7d56b000 	C:\WINDOWS\SYSTEM32\CRYPTSP.dll
0x00007ffd7cbe0000 - 0x00007ffd7cc19000 	C:\WINDOWS\system32\rsaenh.dll
0x00007ffd7d310000 - 0x00007ffd7d344000 	C:\WINDOWS\SYSTEM32\USERENV.dll
0x00007ffd7dee0000 - 0x00007ffd7df0a000 	C:\WINDOWS\SYSTEM32\bcrypt.dll
0x00007ffd7d570000 - 0x00007ffd7d57c000 	C:\WINDOWS\SYSTEM32\CRYPTBASE.dll
0x00007ffd7c660000 - 0x00007ffd7c693000 	C:\WINDOWS\SYSTEM32\IPHLPAPI.DLL
0x00007ffd80590000 - 0x00007ffd8059a000 	C:\WINDOWS\System32\NSI.dll
0x00007ffd138e0000 - 0x00007ffd13929000 	C:\Users\Ashwani\AppData\Local\Temp\jna-950237531\jna16856105336660792334.dll
0x00007ffd80c70000 - 0x00007ffd80c78000 	C:\WINDOWS\System32\PSAPI.DLL
0x00007ffd76310000 - 0x00007ffd7632e000 	C:\WINDOWS\SYSTEM32\dhcpcsvc6.DLL
0x00007ffd75610000 - 0x00007ffd75635000 	C:\WINDOWS\SYSTEM32\dhcpcsvc.DLL
0x00007ffd0e880000 - 0x00007ffd0e8a7000 	D:\GradleCache\native\1def1411415f61bf3af743bc5b6707747c0891f09f0c88961ee8f79bc544acac\windows-amd64\native-platform.dll
0x00007ffd78b40000 - 0x00007ffd78b4a000 	C:\Users\Ashwani\.antigravity-ide\extensions\redhat.java-1.56.0-win32-x64\jre\21.0.12.1-win32-x86_64\bin\management.dll
0x00007ffd78b30000 - 0x00007ffd78b3c000 	C:\Users\Ashwani\.antigravity-ide\extensions\redhat.java-1.56.0-win32-x64\jre\21.0.12.1-win32-x86_64\bin\management_ext.dll
0x00007ffd721a0000 - 0x00007ffd721a9000 	C:\Users\Ashwani\.antigravity-ide\extensions\redhat.java-1.56.0-win32-x64\jre\21.0.12.1-win32-x86_64\bin\extnet.dll
0x00007ffd72190000 - 0x00007ffd7219e000 	C:\Users\Ashwani\.antigravity-ide\extensions\redhat.java-1.56.0-win32-x64\jre\21.0.12.1-win32-x86_64\bin\sunmscapi.dll
0x00007ffd7e4c0000 - 0x00007ffd7e63f000 	C:\WINDOWS\System32\CRYPT32.dll
0x00007ffd7d7b0000 - 0x00007ffd7d7e0000 	C:\WINDOWS\SYSTEM32\ncrypt.dll
0x00007ffd7d760000 - 0x00007ffd7d79f000 	C:\WINDOWS\SYSTEM32\NTASN1.dll
0x00007ffd60d40000 - 0x00007ffd60d48000 	C:\WINDOWS\system32\wshunix.dll

JVMTI agents:
c:\Users\Ashwani\.antigravity-ide\extensions\redhat.java-1.56.0-win32-x64\lombok\lombok-1.18.39-4050.jar path:c:\Users\Ashwani\.antigravity-ide\extensions\redhat.java-1.56.0-win32-x64\jre\21.0.12.1-win32-x86_64\bin\instrument.dll, loaded, initialized, instrumentlib options:none

dbghelp: loaded successfully - version: 4.0.5 - missing functions: none
symbol engine: initialized successfully - sym options: 0x614 - pdb path: .;c:\Users\Ashwani\.antigravity-ide\extensions\redhat.java-1.56.0-win32-x64\jre\21.0.12.1-win32-x86_64\bin;C:\WINDOWS\SYSTEM32;C:\WINDOWS\WinSxS\amd64_microsoft.windows.common-controls_6595b64144ccf1df_6.0.26100.9549_none_3e0a0396e3330090;c:\Users\Ashwani\.antigravity-ide\extensions\redhat.java-1.56.0-win32-x64\jre\21.0.12.1-win32-x86_64\bin\server;C:\Users\Ashwani\AppData\Roaming\Antigravity IDE\User\globalStorage\redhat.java\1.56.0\config_win\org.eclipse.equinox.launcher\org.eclipse.equinox.launcher.win32.win32.x86_64_1.3.100.v20260804-1928;C:\Users\Ashwani\AppData\Local\Temp\jna-950237531;D:\GradleCache\native\1def1411415f61bf3af743bc5b6707747c0891f09f0c88961ee8f79bc544acac\windows-amd64

VM Arguments:
jvm_args: --add-modules=ALL-SYSTEM --add-opens=java.base/java.util=ALL-UNNAMED --add-opens=java.base/java.lang=ALL-UNNAMED --add-opens=java.base/sun.nio.fs=ALL-UNNAMED -Declipse.application=org.eclipse.jdt.ls.core.id1 -Dosgi.bundles.defaultStartLevel=4 -Declipse.product=org.eclipse.jdt.ls.core.product -Djava.import.generatesMetadataFilesAtProjectRoot=false -Dm2e.project.cache.size=50 -DDetectVMInstallationsJob.disabled=true -Dfile.encoding=utf8 -XX:+UseParallelGC -XX:GCTimeRatio=4 -XX:AdaptiveSizePolicyWeight=90 -Dsun.zip.disableMemoryMapping=true -Xmx2G -Xms100m -Xlog:disable -javaagent:c:\Users\Ashwani\.antigravity-ide\extensions\redhat.java-1.56.0-win32-x64\lombok\lombok-1.18.39-4050.jar -XX:+HeapDumpOnOutOfMemoryError -XX:HeapDumpPath=c:\Users\Ashwani\AppData\Roaming\Antigravity IDE\User\workspaceStorage\58ff9d3a08850785fb418ac6948f1bd1\redhat.java -Daether.dependencyCollector.impl=bf 
java_command: c:\Users\Ashwani\.antigravity-ide\extensions\redhat.java-1.56.0-win32-x64\server\plugins\org.eclipse.equinox.launcher_1.8.0.v20260804-1928.jar -configuration c:\Users\Ashwani\AppData\Roaming\Antigravity IDE\User\globalStorage\redhat.java\1.56.0\config_win -data c:\Users\Ashwani\AppData\Roaming\Antigravity IDE\User\workspaceStorage\58ff9d3a08850785fb418ac6948f1bd1\redhat.java\jdt_ws --pipe=\\.\pipe\lsp-8fbcc08be4281e6092ccd61d9cd7f7a0-sock
java_class_path (initial): c:\Users\Ashwani\.antigravity-ide\extensions\redhat.java-1.56.0-win32-x64\server\plugins\org.eclipse.equinox.launcher_1.8.0.v20260804-1928.jar
Launcher Type: SUN_STANDARD

[Global flags]
    uintx AdaptiveSizePolicyWeight                 = 90                                        {product} {command line}
     intx CICompilerCount                          = 4                                         {product} {ergonomic}
    uintx GCTimeRatio                              = 4                                         {product} {command line}
     bool HeapDumpOnOutOfMemoryError               = true                                   {manageable} {command line}
    ccstr HeapDumpPath                             = c:\Users\Ashwani\AppData\Roaming\Antigravity IDE\User\workspaceStorage\58ff9d3a08850785fb418ac6948f1bd1\redhat.java         {manageable} {command line}
   size_t InitialHeapSize                          = 104857600                                 {product} {command line}
   size_t MaxHeapSize                              = 2147483648                                {product} {command line}
   size_t MaxNewSize                               = 715653120                                 {product} {ergonomic}
   size_t MinHeapDeltaBytes                        = 524288                                    {product} {ergonomic}
   size_t MinHeapSize                              = 104857600                                 {product} {command line}
   size_t NewSize                                  = 34603008                                  {product} {ergonomic}
    uintx NonNMethodCodeHeapSize                   = 5839372                                {pd product} {ergonomic}
    uintx NonProfiledCodeHeapSize                  = 122909434                              {pd product} {ergonomic}
   size_t OldSize                                  = 70254592                                  {product} {ergonomic}
    uintx ProfiledCodeHeapSize                     = 122909434                              {pd product} {ergonomic}
    uintx ReservedCodeCacheSize                    = 251658240                              {pd product} {ergonomic}
     bool SegmentedCodeCache                       = true                                      {product} {ergonomic}
   size_t SoftMaxHeapSize                          = 2147483648                             {manageable} {ergonomic}
     bool UseCompressedOops                        = true                           {product lp64_product} {ergonomic}
     bool UseLargePagesIndividualAllocation        = false                                  {pd product} {ergonomic}
     bool UseParallelGC                            = true                                      {product} {command line}

Logging:
Log output configuration:
 #0: stdout all=off uptime,level,tags foldmultilines=false
 #1: stderr all=off uptime,level,tags foldmultilines=false

Release file:
JAVA_VERSION="21.0.12.1" 
MODULES="java.base java.compiler java.datatransfer java.xml java.prefs java.desktop java.instrument java.logging java.management java.security.sasl java.naming java.rmi java.management.rmi java.net.http java.scripting java.security.jgss java.transaction.xa java.sql java.sql.rowset java.xml.crypto java.se java.smartcardio jdk.accessibility jdk.internal.jvmstat jdk.attach jdk.charsets jdk.internal.opt jdk.zipfs jdk.compiler jdk.crypto.ec jdk.crypto.cryptoki jdk.crypto.mscapi jdk.dynalink jdk.internal.ed jdk.editpad jdk.hotspot.agent jdk.httpserver jdk.internal.le jdk.internal.vm.ci jdk.internal.vm.compiler jdk.internal.vm.compiler.management jdk.jartool jdk.javadoc jdk.jcmd jdk.management jdk.management.agent jdk.jconsole jdk.jdeps jdk.jdwp.agent jdk.jdi jdk.jfr jdk.jshell jdk.jsobject jdk.jstatd jdk.localedata jdk.management.jfr jdk.naming.dns jdk.naming.rmi jdk.net jdk.nio.mapmode jdk.random jdk.sctp jdk.security.auth jdk.security.jgss jdk.unsupported jdk.unsupported.desktop jdk.xml.dom" 

Environment Variables:
JAVA_HOME=C:\Program Files\Eclipse Adoptium\jdk-21.0.3.9-hotspot\
PATH=C:\Program Files (x86)\Microsoft SDKs\Azure\CLI2\wbin;C:\Program Files\Common Files\Oracle\Java\javapath;C:\Program Files (x86)\Common Files\Oracle\Java\java8path;C:\Program Files (x86)\Common Files\Oracle\Java\javapath;C:\Program Files\Eclipse Adoptium\jdk-21.0.3.9-hotspot\bin;C:\Program Files\NVIDIA GPU Computing Toolkit\CUDA\v12.0\bin;C:\Program Files\NVIDIA GPU Computing Toolkit\CUDA\v12.0\libnvvp;C:\Program Files (x86)\Common Files\Intel\Shared Libraries\redist\intel64\compiler;C:\windows\system32;C:\windows;C:\windows\System32\Wbem;C:\windows\System32\WindowsPowerShell\v1.0\;C:\windows\System32\OpenSSH\;C:\Program Files (x86)\NVIDIA Corporation\PhysX\Common;C:\WINDOWS\system32;C:\WINDOWS;C:\WINDOWS\System32\Wbem;C:\WINDOWS\System32\WindowsPowerShell\v1.0\;C:\WINDOWS\System32\OpenSSH\;C:\Program Files\NVIDIA Corporation\Nsight Compute 2022.4.1\;C:\MinGW\bin;D:\android studio 2\platform-tools;D:\android studio 2\emulator;C:\Program Files\NVIDIA Corporation\NVIDIA App\NvDLISR;C:\ProgramData\chocolatey\bin;C:\Program Files\dotnet\;D:\node js\;C:\Program Files\Docker\Docker\resources\bin;D:\Git\cmd;D:\Git\mingw64\bin;D:\Git\usr\bin;D:\Scripts\;C:\Users\Ashwani\AppData\Local\Programs\Python\Launcher\;C:\Users\Ashwani\AppData\Local\Programs\Python\Python311\Scripts\;C:\Users\Ashwani\AppData\Local\Programs\Python\Python311\;D:\python\Scripts\;C:\Program Files\MySQL\MySQL Shell 8.0\bin\;D:\;C:\Users\Ashwani\AppData\Local\Programs\Microsoft VS Code\bin;C:\Users\Ashwani\AppData\Local\Microsoft\WindowsApps;C:\Program Files\nodejs;C:\Users\Ashwani\AppData\Local\npm-cache\_logs\2025-02-14T21_18_58_255Z-debug-0.log;D:\android studio 2\platform-tools;C:\Users\Ashwani\AppData\Roaming\npm;D:\Antigravity\bin;D:\python\;C:\Users\Ashwani\AppData\Local\PowerToys\DSCModules\;C:\Users\Ashwani\AppData\Local\Programs\Antigravity IDE\bin;D:\Antigravity IDE\bin;D:\colmap-x64-windows-cuda
USERNAME=Ashwani
OS=Windows_NT
PROCESSOR_IDENTIFIER=AMD64 Family 25 Model 80 Stepping 0, AuthenticAMD
TMP=C:\Users\Ashwani\AppData\Local\Temp
TEMP=C:\Users\Ashwani\AppData\Local\Temp




Periodic native trim disabled

---------------  S Y S T E M  ---------------

OS:
 Windows 11 , 64 bit Build 26100 (10.0.26100.9549)
OS uptime: 0 days 1:02 hours
Hyper-V role detected

CPU: total 12 (initial active 12) (12 cores per cpu, 2 threads per core) family 25 model 80 stepping 0 microcode 0xa500014, cx8, cmov, fxsr, ht, mmx, 3dnowpref, sse, sse2, sse3, ssse3, sse4a, sse4.1, sse4.2, popcnt, lzcnt, tsc, tscinvbit, avx, avx2, aes, erms, clmul, bmi1, bmi2, adx, sha, fma, vzeroupper, clflush, clflushopt, hv, rdtscp, rdpid, fsrm, f16c, cet_ss
Processor Information for the first 12 processors :
  Max Mhz: 3301, Current Mhz: 3301, Mhz Limit: 3301

Memory: 4k page, system-wide physical 15713M (872M free)
TotalPageFile size 19809M (AvailPageFile size 345M)
current process WorkingSet (physical memory assigned to process): 786M, peak: 786M
current process commit charge ("private bytes"): 730M, peak: 730M

vm_info: OpenJDK 64-Bit Server VM (21.0.12.1+1-LTS) for windows-amd64 JRE (21.0.12.1+1-LTS), built on 2026-08-18T00:00:00Z by "admin" with MS VC++ 17.12 (VS2022)

END.
